[www.flowparagliders.com.au/index.html]
[backblue.gif]
[fade.gif]
[index.html]
[www.flowparagliders.com.au/wp-json/oembed/1.0/embed25a6.json]
[www.flowparagliders.com.au/wp-json/oembed/1.0/embed04da]
[www.flowparagliders.com.au/wp-content/plugins/contact-form-7/includes/css/contact-form-7.minb5e1.css]
[www.flowparagliders.com.au/wp-content/plugins/woocommerce/assets/css/woocommerce-layout.minaf94.css]
[www.flowparagliders.com.au/wp-content/plugins/woocommerce/assets/css/woocommerce-smallscreen.minaf94.css]
[www.flowparagliders.com.au/wp-content/plugins/woocommerce/assets/css/woocommerce-general.minaf94.css]
[www.flowparagliders.com.au/wp-content/plugins/wpcf7-redirect/build/assets/wpcf7-redirect-script-frontend.min413f.css]
[www.flowparagliders.com.au/wp-content/plugins/divi-modules-table-maker/styles/style.min4c56.css]
[www.flowparagliders.com.au/wp-content/themes/Divi/style-static.min899e.css]
[www.flowparagliders.com.au/wp-includes/js/jquery/jquery.minf43b.js]
[www.flowparagliders.com.au/wp-includes/js/jquery/jquery-migrate.min5589.js]
[www.flowparagliders.com.au/wp-content/plugins/woocommerce/assets/js/jquery-blockui/jquery.blockUI.minb9fc.js]
[www.flowparagliders.com.au/wp-content/plugins/woocommerce/assets/js/frontend/add-to-cart.minaf94.js]
[www.flowparagliders.com.au/wp-content/plugins/woocommerce/assets/js/frontend/geolocation.minaf94.js]
[www.flowparagliders.com.au/wp-content/plugins/woocommerce/assets/js/js-cookie/js.cookie.min3bb5.js]
[www.flowparagliders.com.au/wp-content/plugins/woocommerce/assets/js/frontend/woocommerce.minaf94.js]
[www.flowparagliders.com.au/wp-json/wp/v2/pages/8.json]
[maxcdn.bootstrapcdn.com/font-awesome/4.6.3/css/font-awesome.min.css]
[www.flowparagliders.com.au/wp-json/index.html]
[www.flowparagliders.com.au/wp-content/uploads/2021/04/cropped-favicon-32x32.png]
[www.flowparagliders.com.au/wp-content/uploads/2021/04/cropped-favicon-192x192.png]
[www.flowparagliders.com.au/wp-content/uploads/2021/04/cropped-favicon-180x180.png]
[flowparagliders.com.au/wp-content/uploads/2021/04/flow-paragliders-favicon-1.png]
[www.flowparagliders.com.au/wp-content/plugins/woocommerce-gateway-stripe/build/upe-blocksfcd1.css]
[www.flowparagliders.com.au/wp-content/plugins/woocommerce/assets/client/blocks/wc-blocksd2b9.css]
[www.flowparagliders.com.au/wp-content/plugins/woocommerce-currency-switcher/css/front2f91.css]
[www.flowparagliders.com.au/wp-content/uploads/2021/04/Flow-Paragliders-logo.png]
[flowparagliders.com.au/wp-content/uploads/2021/04/future-logo-white-300x51.png]
[www.flowparagliders.com.au/wp-content/uploads/2023/02/cosmos-2-banner-logo-white.png]
[www.flowparagliders.com.au/wp-content/uploads/2022/06/Freedom2-logo-white.png]
[www.flowparagliders.com.au/fusion/index.html]
[www.flowparagliders.com.au/wp-content/uploads/2024/10/F2-Light-Logo-300x100.png]
[www.flowparagliders.com.au/wp-content/uploads/2023/02/Flow-Panorama-2-banner-logo-white.png]
[www.flowparagliders.com.au/wp-content/uploads/2024/10/MYSTIC-LOGO-white-300x39.png]
[flowparagliders.com.au/wp-content/uploads/2021/06/Fusion_LOGO_white-300x47.png]
[flowparagliders.com.au/wp-content/uploads/2021/06/fusion-light-logo-white-300x57.png]
[www.flowparagliders.com.au/wp-content/uploads/2023/02/XCRacer2-banner-logo-white.png]
[www.flowparagliders.com.au/wp-content/uploads/2022/07/Spectra-2-logo-white-300x104.png]
[www.flowparagliders.com.au/wp-content/uploads/2023/02/yoti-3-banner-logo-white-1.png]
[www.flowparagliders.com.au/wp-content/uploads/2023/02/yoti-3-banner-logo-white.png]
[www.flowparagliders.com.au/wp-content/uploads/2026/02/wing-v2-home-thumb.jpg]
[www.flowparagliders.com.au/wp-content/uploads/2026/02/Flow-D-Wing-logo-V2-BLACK-scaled.png]
[www.flowparagliders.com.au/cart/index.html]
[flowparagliders.com.au/wp-content/uploads/2021/06/paraglide-future-home-column-180x180-1.jpg]
[flowparagliders.com.au/wp-content/uploads/2021/06/future-logo-home-column.jpg]
[www.flowparagliders.com.au/wp-content/uploads/2023/02/cosmos-2-home-thumb.jpg]
[www.flowparagliders.com.au/wp-content/uploads/2023/01/COSMOS-2-LOGO.png]
[www.flowparagliders.com.au/wp-content/uploads/2022/06/freedom-2-home-thumb-small.jpg]
[www.flowparagliders.com.au/wp-content/uploads/2022/06/freedom2-logo-home-column.jpg]
[www.flowparagliders.com.au/wp-content/uploads/2024/09/F2-thumb-home-1.jpg]
[www.flowparagliders.com.au/wp-content/uploads/2024/09/f2-logo.png]
[www.flowparagliders.com.au/wp-content/uploads/2025/03/p2.png]
[www.flowparagliders.com.au/wp-content/uploads/2023/01/Flow-Panorama-2-logo-small.png]
[www.flowparagliders.com.au/wp-content/uploads/2025/03/mystic-home-grid-thumb-1.jpg]
[www.flowparagliders.com.au/wp-content/uploads/2025/03/MYSTIC-LOGO-300x37.png]
[www.flowparagliders.com.au/wp-content/uploads/2024/10/mystic-home-thumb.jpg]
[www.flowparagliders.com.au/wp-content/uploads/2024/10/mystic-logo.png]
[flowparagliders.com.au/wp-content/uploads/2021/06/paraglide-fusion-column-180x180-1.png]
[flowparagliders.com.au/wp-content/uploads/2021/06/fusion-logo-home-column.jpg]
[flowparagliders.com.au/wp-content/uploads/2021/06/paraglide-fusion-light-column-180x180-1.jpg]
[flowparagliders.com.au/wp-content/uploads/2021/06/fusion-light-logo-home-column.jpg]
[www.flowparagliders.com.au/wp-content/uploads/2023/02/XCRacer2-home-thumb.jpg]
[www.flowparagliders.com.au/wp-content/uploads/2023/01/XCRacer2-logo-small.png]
[www.flowparagliders.com.au/wp-content/uploads/2022/07/spectra-2-gallery-1.jpg]
[www.flowparagliders.com.au/wp-content/uploads/2022/07/Spectra-2-logo-smsll.jpg]
[www.flowparagliders.com.au/wp-content/uploads/2026/03/mullet-2-home-grid-thumb-2.jpg]
[www.flowparagliders.com.au/wp-content/uploads/2026/03/MULLET-2-LOGO.png]
[www.flowparagliders.com.au/wp-content/uploads/2024/12/mullet-x-home-thumb2-1.jpg]
[www.flowparagliders.com.au/wp-content/uploads/2024/12/mullet-x-logo.png]
[www.flowparagliders.com.au/wp-content/uploads/2025/02/albatroxx-home-thumb.jpg]
[www.flowparagliders.com.au/wp-content/uploads/2025/02/albatroxx-logo-black.jpg]
[www.flowparagliders.com.au/wp-content/uploads/2023/02/yoti-3-home-thumb.jpg]
[www.flowparagliders.com.au/wp-content/uploads/2023/01/yoti-3-logo-small-1.png]
[www.flowparagliders.com.au/wp-content/uploads/2023/02/yoti-3-home-thumb-1.jpg]
[www.flowparagliders.com.au/wp-content/uploads/2023/02/yoti-3-light-logo-small.jpg]
[www.flowparagliders.com.au/wp-content/uploads/2023/02/Future-power-home-thumb.jpg]
[www.flowparagliders.com.au/wp-content/uploads/2023/02/Future-power-logo-small.jpg]
[www.flowparagliders.com.au/wp-content/uploads/2023/02/Cosmos-Power-2-home-thumb..jpg]
[www.flowparagliders.com.au/wp-content/uploads/2023/02/cosmos-power-2-logo-small.jpg]
[www.flowparagliders.com.au/wp-content/uploads/2023/02/RPM-2-home-thumb-1.jpg]
[www.flowparagliders.com.au/wp-content/uploads/2023/02/RPM-2-logo-small.jpg]
[flowparagliders.com.au/wp-content/uploads/2021/06/parachute-aura-home-column-180x180-1.jpg]
[www.flowparagliders.com.au/wp-content/uploads/2024/02/AURA2-SQUARE-LOGO.jpg]
[flowparagliders.com.au/wp-content/uploads/2021/06/parachute-d-chute-column-180x180-1.jpg]
[flowparagliders.com.au/wp-content/uploads/2021/06/d-chute-logo-home-column.jpg]
[www.flowparagliders.com.au/wp-content/uploads/2025/09/vissta-xc-home-thumb.jpg]
[www.flowparagliders.com.au/wp-content/uploads/2025/09/Vissta-XC-logo-300x44.png]
[www.flowparagliders.com.au/wp-content/uploads/2024/02/harness-thumb.jpg]
[www.flowparagliders.com.au/wp-content/uploads/2021/06/vissta-banner-3.png]
[www.flowparagliders.com.au/wp-content/uploads/2021/04/Flow-Paragliders-logo-300x60.png]
[www.flowparagliders.com.au/wp-includes/js/dist/hooks.minaf5f.js]
[www.flowparagliders.com.au/wp-includes/js/dist/i18n.min1cde.js]
[www.flowparagliders.com.au/wp-content/uploads/siteground-optimizer-assets/swv.minb5e1.js]
[www.flowparagliders.com.au/wp-content/uploads/siteground-optimizer-assets/contact-form-7.minb5e1.js]
[www.flowparagliders.com.au/wp-content/plugins/sg-cachepress/assets/js/lazysizes.min91f9.js]
[www.flowparagliders.com.au/wp-content/uploads/siteground-optimizer-assets/wpcf7-redirect-script.min413f.js]
[www.flowparagliders.com.au/wp-content/themes/Divi/js/scripts.min899e.js]
[www.flowparagliders.com.au/wp-content/uploads/siteground-optimizer-assets/fitvids.min899e.js]
[www.flowparagliders.com.au/wp-includes/js/comment-reply.minb34e.js]
[www.flowparagliders.com.au/wp-content/uploads/siteground-optimizer-assets/jquery-mobile.min899e.js]
[www.flowparagliders.com.au/wp-content/uploads/siteground-optimizer-assets/magnific-popup.min899e.js]
[www.flowparagliders.com.au/wp-content/uploads/siteground-optimizer-assets/easypiechart.min899e.js]
[www.flowparagliders.com.au/wp-content/uploads/siteground-optimizer-assets/salvattore.min899e.js]
[www.flowparagliders.com.au/wp-content/plugins/divi-modules-table-maker/scripts/frontend-bundle.min4c56.js]
[www.flowparagliders.com.au/wp-content/plugins/woocommerce/assets/js/sourcebuster/sourcebuster.minaf94.js]
[www.flowparagliders.com.au/wp-content/plugins/woocommerce/assets/js/frontend/order-attribution.minaf94.js]
[www.flowparagliders.com.au/wp-content/uploads/siteground-optimizer-assets/et-core-common.min899e.js]
[www.google.com/recaptcha/apib30e.js]
[www.flowparagliders.com.au/wp-includes/js/dist/vendor/wp-polyfill.min2c7c.js]
[www.flowparagliders.com.au/wp-content/uploads/siteground-optimizer-assets/wpcf7-recaptcha.minb5e1.js]
[www.flowparagliders.com.au/wp-includes/js/jquery/ui/core.minb37e.js]
[www.flowparagliders.com.au/wp-includes/js/jquery/ui/mouse.minb37e.js]
[www.flowparagliders.com.au/wp-includes/js/jquery/ui/slider.minb37e.js]
[www.flowparagliders.com.au/wp-content/plugins/woocommerce/assets/js/jquery-ui-touch-punch/jquery-ui-touch-punch.minaf94.js]
[www.flowparagliders.com.au/wp-content/uploads/siteground-optimizer-assets/wc-price-slider_33.min2f91.js]
[www.flowparagliders.com.au/wp-content/uploads/siteground-optimizer-assets/woocs-real-active-filters.min2f91.js]
[www.flowparagliders.com.au/wp-content/uploads/siteground-optimizer-assets/woocs-price-filter-frontend.min2f91.js]
[www.flowparagliders.com.au/wp-content/plugins/woocommerce-currency-switcher/js/jquery.ddslick.min2f91.js]
[www.flowparagliders.com.au/wp-content/uploads/siteground-optimizer-assets/woocommerce-currency-switcher.min2f91.js]
[www.flowparagliders.com.au/wp-content/uploads/siteground-optimizer-assets/et-builder-modules-script-motion.min899e.js]
[www.flowparagliders.com.au/wp-content/uploads/siteground-optimizer-assets/et-builder-modules-script-sticky.min899e.js]
[flowparagliders.com.au/wp-content/uploads/2022/04/future-banner-optmised.jpg]
[www.flowparagliders.com.au/index.html]
[www.flowparagliders.com.au/feed/index.html]
[www.flowparagliders.com.au/comments/feed/index.html]
[www.flowparagliders.com.au/wp-content/plugins/contact-form-7/includes/css/contact-form-7.minb5e1.css]
[www.flowparagliders.com.au/wp-content/plugins/woocommerce/assets/css/woocommerce-layout.minaf94.css]
[www.flowparagliders.com.au/wp-content/plugins/woocommerce/assets/css/woocommerce-smallscreen.minaf94.css]
[www.flowparagliders.com.au/feed/indexf85d.html]
[www.flowparagliders.com.au/comments/feed/indexf85d.html]
[www.flowparagliders.com.au/wp-content/plugins/woocommerce/assets/fonts/WooCommerce.woff2]
[www.flowparagliders.com.au/wp-content/plugins/woocommerce/assets/fonts/WooCommerce.woff]
[www.flowparagliders.com.au/wp-content/plugins/woocommerce/assets/fonts/WooCommerce.ttf]
[www.flowparagliders.com.au/wp-content/plugins/woocommerce/assets/css/woocommerce-general.minaf94.css]
[www.flowparagliders.com.au/wp-content/plugins/wpcf7-redirect/build/assets/wpcf7-redirect-script-frontend.min413f.css]
[www.flowparagliders.com.au/wp-content/plugins/divi-modules-table-maker/styles/style.min4c56.css]
[www.flowparagliders.com.au/wp-content/plugins/woocommerce/assets/images/icons/loader.svg]
[www.flowparagliders.com.au/wp-content/themes/Divi/includes/builder/styles/images/preloader.gif]
[www.flowparagliders.com.au/wp-content/themes/Divi/core/admin/fonts/modules/all/modules.eot]
[www.flowparagliders.com.au/wp-content/themes/Divi/core/admin/fonts/modules/all/modulesd41d.eot]
[www.flowparagliders.com.au/wp-content/themes/Divi/core/admin/fonts/modules/all/modules.woff]
[www.flowparagliders.com.au/wp-content/themes/Divi/core/admin/fonts/modules/all/modules.ttf]
[www.flowparagliders.com.au/wp-content/themes/Divi/core/admin/fonts/modules/all/modules.svg]
[www.flowparagliders.com.au/wp-content/themes/Divi/core/admin/fonts/fontawesome/fa-regular-400.eot]
[www.flowparagliders.com.au/wp-content/themes/Divi/core/admin/fonts/fontawesome/fa-regular-400d41d.eot]
[www.flowparagliders.com.au/wp-content/themes/Divi/core/admin/fonts/fontawesome/fa-regular-400.woff2]
[www.flowparagliders.com.au/wp-content/themes/Divi/core/admin/fonts/fontawesome/fa-regular-400.woff]
[www.flowparagliders.com.au/wp-content/themes/Divi/core/admin/fonts/fontawesome/fa-regular-400.ttf]
[www.flowparagliders.com.au/wp-content/themes/Divi/core/admin/fonts/fontawesome/fa-solid-900.eot]
[www.flowparagliders.com.au/wp-content/themes/Divi/core/admin/fonts/fontawesome/fa-regular-400.svg]
[www.flowparagliders.com.au/wp-content/themes/Divi/core/admin/fonts/fontawesome/fa-solid-900d41d.eot]
[www.flowparagliders.com.au/wp-content/themes/Divi/core/admin/fonts/fontawesome/fa-solid-900.woff2]
[www.flowparagliders.com.au/wp-content/themes/Divi/core/admin/fonts/fontawesome/fa-solid-900.woff]
[www.flowparagliders.com.au/wp-content/themes/Divi/core/admin/fonts/fontawesome/fa-solid-900.ttf]
[www.flowparagliders.com.au/wp-content/themes/Divi/core/admin/fonts/fontawesome/fa-solid-900.svg]
[www.flowparagliders.com.au/wp-content/themes/Divi/core/admin/fonts/fontawesome/fa-brands-400.eot]
[www.flowparagliders.com.au/wp-content/themes/Divi/core/admin/fonts/fontawesome/fa-brands-400d41d.eot]
[www.flowparagliders.com.au/wp-content/themes/Divi/core/admin/fonts/fontawesome/fa-brands-400.woff2]
[www.flowparagliders.com.au/wp-content/themes/Divi/core/admin/fonts/fontawesome/fa-brands-400.woff]
[www.flowparagliders.com.au/wp-content/themes/Divi/includes/builder/styles/images/subscribe-loader.gif]
[www.flowparagliders.com.au/wp-content/themes/Divi/style-static.min899e.css]
[maxcdn.bootstrapcdn.com/font-awesome/4.6.3/css/font-awesome.min.css]
[www.flowparagliders.com.au/wp-content/plugins/woocommerce-gateway-stripe/build/upe-blocksfcd1.css]
[www.flowparagliders.com.au/wp-content/plugins/woocommerce/assets/client/blocks/wc-blocksd2b9.css]
[www.flowparagliders.com.au/wp-content/themes/Divi/core/admin/fonts/fontawesome/fa-brands-400.ttf]
[www.flowparagliders.com.au/wp-content/plugins/woocommerce-currency-switcher/img/woocs_price_info_icon.png]
[www.flowparagliders.com.au/wp-content/plugins/woocommerce-currency-switcher/css/front2f91.css]
[www.flowparagliders.com.au/future/index.html]
[www.flowparagliders.com.au/cosmos-2/index.html]
[www.flowparagliders.com.au/freedom-2/index.html]
[www.flowparagliders.com.au/wp-content/themes/Divi/core/admin/fonts/fontawesome/fa-brands-400.svg]
[www.flowparagliders.com.au/f2-light/index.html]
[www.flowparagliders.com.au/cosmos-2/indexf85d.html]
[www.flowparagliders.com.au/future/indexf85d.html]
[www.flowparagliders.com.au/panorama-2/index.html]
[www.flowparagliders.com.au/mystic-plus/index.html]
[www.flowparagliders.com.au/freedom-2/indexf85d.html]
[www.flowparagliders.com.au/mystic/index.html]
[www.flowparagliders.com.au/f2-light/indexf85d.html]
[www.flowparagliders.com.au/panorama-2/indexf85d.html]
[www.flowparagliders.com.au/mystic-plus/indexf85d.html]
[www.flowparagliders.com.au/wp-json/oembed/1.0/embed2463.json]
[www.flowparagliders.com.au/mystic/indexf85d.html]
[www.flowparagliders.com.au/wp-json/oembed/1.0/embed6d21]
[www.flowparagliders.com.au/wp-json/wp/v2/pages/1019.json]
[www.flowparagliders.com.au/wp-content/uploads/2021/06/fusion-banner-1.jpg]
[www.flowparagliders.com.au/wp-content/uploads/2021/06/fusion-banner-11.jpg]
[www.flowparagliders.com.au/wp-content/uploads/2021/06/fusion-banner-2.jpg]
[www.flowparagliders.com.au/wp-content/uploads/2021/06/fusion-banner-12.jpg]
[www.flowparagliders.com.au/wp-content/uploads/2021/06/fusion-banner-3.jpg]
[www.flowparagliders.com.au/wp-content/uploads/2021/06/fusion-banner-13.jpg]
[www.flowparagliders.com.au/wp-content/uploads/2021/06/fusion-banner-4.jpg]
[www.flowparagliders.com.au/wp-content/uploads/2021/06/fusion-banner-10.jpg]
[www.flowparagliders.com.au/wp-content/uploads/2021/06/fusion-banner-9.jpg]
[www.flowparagliders.com.au/wp-content/uploads/2021/06/fusion-banner-5.jpg]
[www.flowparagliders.com.au/wp-content/uploads/2021/06/fusion-banner-8.jpg]
[www.flowparagliders.com.au/wp-content/uploads/2021/06/fusion-banner-7.jpg]
[www.flowparagliders.com.au/wp-content/uploads/2021/06/fusion-banner-6.jpg]
[flowparagliders.com.au/wp-content/uploads/2021/06/fusion_logo_100-300x58-1.png]
[flowparagliders.com.au/wp-content/uploads/2021/06/img-logos-1.jpg]
[flowparagliders.com.au/wp-content/uploads/2021/06/3dx.png]
[flowparagliders.com.au/wp-content/uploads/2021/06/shortnylonrod2.jpg]
[flowparagliders.com.au/wp-content/uploads/2021/06/3-2-LINER_3dC-e1595653005317.jpg]
[flowparagliders.com.au/wp-content/uploads/2021/06/alighned-airflow.jpg]
[flowparagliders.com.au/wp-content/uploads/2021/06/Pitch-stable-shark-nose-aifoil.jpg]
[flowparagliders.com.au/wp-content/uploads/2021/06/Opmized-internal-structure-1.jpg]
[www.flowparagliders.com.au/wp-content/uploads/2023/02/fusion-colour-options.jpg]
[www.flowparagliders.com.au/wp-content/uploads/2026/02/FUSION-Users-Manual.pdf]
[www.flowparagliders.com.au/wp-content/uploads/2026/02/FUSION-S-TRIM.xlsm]
[www.flowparagliders.com.au/wp-content/uploads/2026/02/FUSION-M-TRIM.xlsm]
[www.flowparagliders.com.au/wp-content/uploads/2026/02/FUSION-ML-TRIM.xlsm]
[www.flowparagliders.com.au/wp-content/uploads/2026/02/FUSION-L-TRIM.xlsm]
[www.flowparagliders.com.au/fusion/index.html]
[www.flowparagliders.com.au/fusion-light/index.html]
[www.flowparagliders.com.au/xcracer-2/index.html]
[www.flowparagliders.com.au/spectra-2/index.html]
[www.flowparagliders.com.au/xcracer-2/indexf85d.html]
[www.flowparagliders.com.au/product/mullet-2/index.html]
[www.flowparagliders.com.au/fusion-light/indexf85d.html]
[www.flowparagliders.com.au/mulletx/index.html]
[www.flowparagliders.com.au/spectra-2/indexf85d.html]
[www.flowparagliders.com.au/albatroxx/index.html]
[www.flowparagliders.com.au/product/mullet-2/indexf85d.html]
[www.flowparagliders.com.au/yoti-3/index.html]
[www.flowparagliders.com.au/mulletx/indexf85d.html]
[www.flowparagliders.com.au/yoti-3-light/index.html]
[www.flowparagliders.com.au/albatroxx/indexf85d.html]
[www.flowparagliders.com.au/ace/index.html]
[www.flowparagliders.com.au/cosmos/index.html]
[www.flowparagliders.com.au/yoti-3/indexf85d.html]
[www.flowparagliders.com.au/freedom/index.html]
[www.flowparagliders.com.au/yoti-3-light/indexf85d.html]
[www.flowparagliders.com.au/mullet/index.html]
[www.flowparagliders.com.au/ace/indexf85d.html]
[www.flowparagliders.com.au/panorama/index.html]
[www.flowparagliders.com.au/cosmos/indexf85d.html]
[www.flowparagliders.com.au/xcracer/index.html]
[www.flowparagliders.com.au/freedom/indexf85d.html]
[www.flowparagliders.com.au/spectra/index.html]
[www.flowparagliders.com.au/mullet/indexf85d.html]
[www.flowparagliders.com.au/yoti2/index.html]
[www.flowparagliders.com.au/panorama/indexf85d.html]
[www.flowparagliders.com.au/yoti2-lite/index.html]
[www.flowparagliders.com.au/xcracer/indexf85d.html]
[www.flowparagliders.com.au/future-power/index.html]
[www.flowparagliders.com.au/spectra/indexf85d.html]
[www.flowparagliders.com.au/cosmos-power-2/index.html]
[www.flowparagliders.com.au/yoti2/indexf85d.html]
[www.flowparagliders.com.au/yoti2-lite/indexf85d.html]
[www.flowparagliders.com.au/rpm2/index.html]
[www.flowparagliders.com.au/cosmos-power/index.html]
[www.flowparagliders.com.au/future-power/indexf85d.html]
[www.flowparagliders.com.au/rpm/index.html]
[www.flowparagliders.com.au/cosmos-power-2/indexf85d.html]
[www.flowparagliders.com.au/vissta-xc/index.html]
[www.flowparagliders.com.au/rpm2/indexf85d.html]
[www.flowparagliders.com.au/vissta/index.html]
[www.flowparagliders.com.au/cosmos-power/indexf85d.html]
[www.flowparagliders.com.au/product/flow-d-wing-v2/index.html]
[www.flowparagliders.com.au/rpm/indexf85d.html]
[www.flowparagliders.com.au/product/dwing/index.html]
[www.flowparagliders.com.au/aura-2/index.html]
[www.flowparagliders.com.au/vissta-xc/indexf85d.html]
[www.flowparagliders.com.au/d-chute/index.html]
[www.flowparagliders.com.au/vissta/indexf85d.html]
[www.flowparagliders.com.au/rucksack/index.html]
[www.flowparagliders.com.au/product/flow-d-wing-v2/indexf85d.html]
[www.flowparagliders.com.au/quick-rucksack/index.html]
[www.flowparagliders.com.au/aura-2/indexf85d.html]
[www.flowparagliders.com.au/concertina-bag/index.html]
[www.flowparagliders.com.au/d-chute/indexf85d.html]
[www.flowparagliders.com.au/compression-bag/index.html]
[www.flowparagliders.com.au/rucksack/indexf85d.html]
[www.flowparagliders.com.au/lightweight-day-bag/index.html]
[www.flowparagliders.com.au/quick-rucksack/indexf85d.html]
[www.flowparagliders.com.au/flow-dry-fit-tshirt/index.html]
[www.flowparagliders.com.au/concertina-bag/indexf85d.html]
[www.flowparagliders.com.au/flow-cap-3/index.html]
[www.flowparagliders.com.au/compression-bag/indexf85d.html]
[www.flowparagliders.com.au/flow-soft-shell-jacket/index.html]
[www.flowparagliders.com.au/flow-dry-fit-tshirt/indexf85d.html]
[www.flowparagliders.com.au/lightweight-day-bag/indexf85d.html]
[www.flowparagliders.com.au/tandem-spreader-bars/index.html]
[www.flowparagliders.com.au/aura/index.html]
[www.flowparagliders.com.au/flow-cap-3/indexf85d.html]
[www.flowparagliders.com.au/flow-paragliders-dealers/index.html]
[www.flowparagliders.com.au/flow-soft-shell-jacket/indexf85d.html]
[www.flowparagliders.com.au/flow-ppg-dealers/index.html]
[www.flowparagliders.com.au/aura/indexf85d.html]
[www.flowparagliders.com.au/contact/index.html]
[www.flowparagliders.com.au/tandem-spreader-bars/indexf85d.html]
[www.flowparagliders.com.au/flow-paragliders-dealers/indexf85d.html]
[www.flowparagliders.com.au/flow-ppg-dealers/indexf85d.html]
[www.flowparagliders.com.au/contact/indexf85d.html]
[www.flowparagliders.com.au/wp-json/oembed/1.0/embededf1.json]
[www.flowparagliders.com.au/wp-json/oembed/1.0/embedfd9b]
[www.flowparagliders.com.au/wp-content/plugins/woocommerce/assets/css/select2.minaf94.css]
[www.flowparagliders.com.au/wp-content/plugins/woocommerce/assets/css/photoswipe/photoswipe.minaf94.css]
[www.flowparagliders.com.au/wp-content/plugins/woocommerce/assets/css/photoswipe/default-skin/default-skin.minaf94.css]
[www.flowparagliders.com.au/wp-content/plugins/woocommerce/assets/js/frontend/country-select.minaf94.js]
[www.flowparagliders.com.au/wp-content/plugins/woocommerce/assets/js/frontend/address-i18n.minaf94.js]
[www.flowparagliders.com.au/wp-content/plugins/woocommerce/assets/js/frontend/cart.minaf94.js]
[www.flowparagliders.com.au/wp-content/plugins/woocommerce/assets/js/selectWoo/selectWoo.full.min4af4.js]
[www.flowparagliders.com.au/wp-content/plugins/woocommerce/assets/js/zoom/jquery.zoom.minafdb.js]
[www.flowparagliders.com.au/wp-content/plugins/woocommerce/assets/js/flexslider/jquery.flexslider.min37c5.js]
[www.flowparagliders.com.au/wp-content/plugins/woocommerce/assets/js/photoswipe/photoswipe.min0897.js]
[www.flowparagliders.com.au/wp-content/plugins/woocommerce/assets/js/photoswipe/photoswipe-ui-default.min0897.js]
[www.flowparagliders.com.au/wp-content/plugins/woocommerce/assets/js/frontend/single-product.minaf94.js]
[www.flowparagliders.com.au/wp-content/plugins/woocommerce/assets/js/frontend/cart-fragments.minaf94.js]
[www.flowparagliders.com.au/wp-content/plugins/woocommerce/assets/js/frontend/utils/custom-place-order-button.minaf94.js]
[www.flowparagliders.com.au/wp-content/plugins/woocommerce/assets/js/frontend/checkout.minaf94.js]
[www.flowparagliders.com.au/wp-content/plugins/woocommerce/assets/js/select2/select2.full.minbe50.js]
[www.flowparagliders.com.au/wp-json/wp/v2/pages/4461.json]
[www.flowparagliders.com.au/cart/index.html]
[www.flowparagliders.com.au/wp-admin/admin-ajax.html]
[www.flowparagliders.com.au/wp-content/plugins/woocommerce/assets/images/icons/loader.svg]
[www.flowparagliders.com.au/wp-content/themes/Divi/core/admin/fonts/modules/all/modules.svg]
[www.flowparagliders.com.au/wp-content/themes/Divi/core/admin/fonts/fontawesome/fa-regular-400.svg]
[www.flowparagliders.com.au/wp-content/themes/Divi/core/admin/fonts/fontawesome/fa-solid-900.svg]
[www.flowparagliders.com.au/wp-content/themes/Divi/core/admin/fonts/fontawesome/fa-brands-400.svg]
[js.stripe.com/clover/stripe.js]
[www.flowparagliders.com.au/wp-json/oembed/1.0/embed5313.json]
[www.flowparagliders.com.au/wp-json/oembed/1.0/embedc2e5]
[www.flowparagliders.com.au/wp-json/wp/v2/pages/215.json]
[www.flowparagliders.com.au/wp-content/uploads/2021/04/future-image-gallery-12.jpg]
[www.flowparagliders.com.au/wp-content/uploads/2021/04/future-image-gallery-18.jpg]
[www.flowparagliders.com.au/wp-content/uploads/2021/04/future-image-gallery-17.jpg]
[www.flowparagliders.com.au/wp-content/uploads/2021/04/future-image-gallery-16.jpg]
[www.flowparagliders.com.au/wp-content/uploads/2021/04/future-image-gallery-15.jpg]
[www.flowparagliders.com.au/wp-content/uploads/2021/04/future-image-gallery-14.jpg]
[www.flowparagliders.com.au/wp-content/uploads/2021/04/future-image-gallery-13.jpg]
[www.flowparagliders.com.au/wp-content/uploads/2021/04/future-image-gallery-11.jpg]
[flowparagliders.com.au/wp-content/uploads/2021/06/future-logo-300x51-1.png]
[flowparagliders.com.au/wp-content/uploads/2021/04/advanced-internal-structure-tensioning-aist-web.jpg]
[flowparagliders.com.au/wp-content/uploads/2021/04/short-structural-nylon-rods-web-700.jpg]
[flowparagliders.com.au/wp-content/uploads/2021/04/true-3-liner-line-lay-out-web-2.jpg]
[flowparagliders.com.au/wp-content/uploads/2021/04/alighted-unidisturbed-air-flow-web-450x197-1.jpg]
[flowparagliders.com.au/wp-content/uploads/2021/04/Pitch-stable-shark-nose-future.jpg]
[flowparagliders.com.au/wp-content/uploads/2021/04/optmised-internal-structure-web-1.jpg]
[www.flowparagliders.com.au/wp-content/uploads/2023/02/future-colour-options.jpg]
[www.flowparagliders.com.au/wp-content/uploads/2024/03/FUTURE-Users-Manual-V01.03.pdf]
[www.flowparagliders.com.au/wp-content/uploads/2024/03/FUTURE-L-Factory.xlsm]
[www.flowparagliders.com.au/wp-content/uploads/2024/03/FUTURE-M-Factory.xlsm]
[www.flowparagliders.com.au/wp-content/uploads/2024/03/FUTURE-S-Factory.xlsm]
[www.flowparagliders.com.au/wp-content/uploads/2024/03/FUTURE-XS-Factory.xlsm]
[www.flowparagliders.com.au/wp-content/uploads/2024/03/FLOW-FUTURE-XS-S-M-L-individual-line-lengths.xlsx]
[flowparagliders.com.au/wp-content/uploads/2021/06/future-banner-5.jpg]
[www.flowparagliders.com.au/future/indexf85d.html]
[www.flowparagliders.com.au/wp-json/oembed/1.0/embed031f.json]
[www.flowparagliders.com.au/wp-json/oembed/1.0/embed1bb4]
[www.flowparagliders.com.au/wp-json/wp/v2/pages/3086.json]
[www.flowparagliders.com.au/wp-content/uploads/2023/02/cosmos-2-gallery-1.jpg]
[www.flowparagliders.com.au/wp-content/uploads/2023/02/cosmos-2-gallery-2.jpg]
[www.flowparagliders.com.au/wp-content/uploads/2023/02/cosmos-2-gallery-3.jpg]
[www.flowparagliders.com.au/wp-content/uploads/2023/02/cosmos-2-gallery-4.jpg]
[www.flowparagliders.com.au/wp-content/uploads/2023/02/cosmos-2-gallery-5.jpg]
[www.flowparagliders.com.au/wp-content/uploads/2023/01/COSMOS-2-MATERIALS-LOGO.jpg]
[www.flowparagliders.com.au/wp-content/uploads/2023/02/cosmos-2-color-options-2.jpg]
[www.flowparagliders.com.au/wp-content/uploads/2024/05/Cosmos2-Users-Manual-V2.02.pdf]
[www.flowparagliders.com.au/wp-content/uploads/2024/01/Flow_COSMOS2_L_V2_bridle.xlsx]
[www.flowparagliders.com.au/wp-content/uploads/2024/01/Flow_COSMOS2_M_V2_bridle.xlsx]
[www.flowparagliders.com.au/wp-content/uploads/2024/01/Flow_COSMOS2_S_V2_bridle.xlsx]
[www.flowparagliders.com.au/wp-content/uploads/2024/01/Flow_COSMOS2_XS_V2_bridle.xlsx]
[www.flowparagliders.com.au/wp-content/uploads/2024/05/Cosmos2_Line-Plan.pdf]
[www.flowparagliders.com.au/wp-content/uploads/2023/02/cosmos-2-banner-2.jpg]
[www.flowparagliders.com.au/cosmos-2/indexf85d.html]
[www.flowparagliders.com.au/wp-json/oembed/1.0/embed8273.json]
[www.flowparagliders.com.au/wp-json/oembed/1.0/embed8953]
[www.flowparagliders.com.au/wp-json/wp/v2/pages/2851.json]
[www.flowparagliders.com.au/wp-content/uploads/2022/06/freedom-2-gallery-1B.jpg]
[www.flowparagliders.com.au/wp-content/uploads/2022/06/freedom-2-gallery-2B.jpg]
[www.flowparagliders.com.au/wp-content/uploads/2022/06/freedom-2-gallery-3b.jpg]
[www.flowparagliders.com.au/wp-content/uploads/2022/06/freedom-2-gallery-4b.jpg]
[www.flowparagliders.com.au/wp-content/uploads/2022/06/freedom-2-gallery-5b.jpg]
[www.flowparagliders.com.au/wp-content/uploads/2022/06/freedom-2-gallery-6b.jpg]
[www.flowparagliders.com.au/wp-content/uploads/2022/06/freedom-2-gallery-7b.jpg]
[www.flowparagliders.com.au/wp-content/uploads/2022/06/freedom-2-gallery-8b.jpg]
[www.flowparagliders.com.au/wp-content/uploads/2022/06/freedom-2-gallery-9b.jpg]
[www.flowparagliders.com.au/wp-content/uploads/2022/06/Freedom2-logo.png]
[www.flowparagliders.com.au/wp-content/uploads/2022/06/hybrid-3-2-line-layout-1.jpg]
[www.flowparagliders.com.au/wp-content/uploads/2022/06/advanced-shark-nose-1.jpg]
[www.flowparagliders.com.au/wp-content/uploads/2022/06/3d-cut-optmisation.jpg]
[www.flowparagliders.com.au/wp-content/uploads/2022/06/VPA-system-diagram-3.jpg]
[www.flowparagliders.com.au/wp-content/uploads/2022/06/racing-ARC-diagram.jpg]
[www.flowparagliders.com.au/wp-content/uploads/2025/04/fREEDOM2-2025-scaled.jpg]
[www.flowparagliders.com.au/wp-content/uploads/2025/01/Freedom2-Users-Manual-V01.07.pdf]
[www.flowparagliders.com.au/wp-content/uploads/2025/01/Freedom2-Handbuch-Deutsch-V01.03.pdf]
[www.flowparagliders.com.au/wp-content/uploads/2025/01/Freedom2-L-FACTORY.xlsm]
[www.flowparagliders.com.au/wp-content/uploads/2025/01/Freedom2-M-V2-FACTORY.xlsm]
[www.flowparagliders.com.au/wp-content/uploads/2025/01/Freedom2-S-V2-FACTORY.xlsm]
[www.flowparagliders.com.au/wp-content/uploads/2026/03/Freedom2-XS-FACTORY-V2.xlsm]
[www.flowparagliders.com.au/wp-content/uploads/2022/06/freedom-2-slide-9.jpg]
[www.flowparagliders.com.au/freedom-2/indexf85d.html]
[www.flowparagliders.com.au/wp-json/oembed/1.0/embed7e66.json]
[www.flowparagliders.com.au/wp-json/oembed/1.0/embed784e]
[www.flowparagliders.com.au/wp-json/wp/v2/pages/4134.json]
[www.flowparagliders.com.au/wp-content/uploads/2024/09/f2-image-gallery-2.jpg]
[www.flowparagliders.com.au/wp-content/uploads/2024/09/f2-image-gallery-1.jpg]
[www.flowparagliders.com.au/wp-content/uploads/2024/09/f2-image-gallery-3.jpg]
[www.flowparagliders.com.au/wp-content/uploads/2024/09/f2-image-gallery-4.jpg]
[www.flowparagliders.com.au/wp-content/uploads/2024/09/f2-image-gallery-5.jpg]
[www.flowparagliders.com.au/wp-content/uploads/2024/09/f2-image-gallery-6.jpg]
[www.flowparagliders.com.au/wp-content/uploads/2024/09/f2-image-gallery-7.jpg]
[www.flowparagliders.com.au/wp-content/uploads/2024/09/f2-image-gallery-8.jpg]
[www.flowparagliders.com.au/wp-content/uploads/2024/09/f2-image-gallery-9.jpg]
[www.flowparagliders.com.au/wp-content/uploads/2024/09/f2-image-gallery-10.jpg]
[www.flowparagliders.com.au/wp-content/uploads/2024/09/f2-image-gallery-11.jpg]
[www.flowparagliders.com.au/wp-content/uploads/2024/09/f2-image-gallery-12.jpg]
[www.flowparagliders.com.au/wp-content/uploads/2024/09/f2-image-gallery-13.jpg]
[www.flowparagliders.com.au/wp-content/uploads/2024/09/f2-image-gallery-14.jpg]
[www.flowparagliders.com.au/wp-content/uploads/2024/09/F2-HYBRID-3-2-LINE-LAYOUT-1.png]
[www.flowparagliders.com.au/wp-content/uploads/2024/09/ADVANCED-SHARK-NOSE.png]
[www.flowparagliders.com.au/wp-content/uploads/2024/09/3D-CUT-1.png]
[www.flowparagliders.com.au/wp-content/uploads/2024/09/VPA-DIAGRAM.png]
[www.flowparagliders.com.au/wp-content/uploads/2024/09/racing-arc-1.png]
[www.flowparagliders.com.au/wp-content/uploads/2024/09/S2-colour-orange-1-1.png]
[www.flowparagliders.com.au/wp-content/uploads/2024/09/S2-colour-red.png]
[www.flowparagliders.com.au/wp-content/uploads/2024/09/S2-colour-blue.png]
[www.flowparagliders.com.au/wp-content/uploads/2025/01/F2-LIGHT-Users-Manual-V01.03.pdf]
[www.flowparagliders.com.au/wp-content/uploads/2025/01/F2-Light-Handbuch-Deutsch-V01.03.pdf]
[www.flowparagliders.com.au/wp-content/uploads/2025/01/F2-LIGHT-L-FACTORY.xlsm]
[www.flowparagliders.com.au/wp-content/uploads/2025/01/F2-LIGHT-M-FACTORY.xlsm]
[www.flowparagliders.com.au/wp-content/uploads/2025/01/F2-LIGHT-S-FACTORY.xlsm]
[www.flowparagliders.com.au/wp-content/uploads/2026/03/F2-LIGHT-XS-FACTORY-V2.xlsm]
[www.flowparagliders.com.au/wp-content/uploads/2024/09/F2-banner-8.jpg]
[www.flowparagliders.com.au/f2-light/indexf85d.html]
[www.flowparagliders.com.au/wp-json/oembed/1.0/embed85a2.json]
[www.flowparagliders.com.au/wp-json/oembed/1.0/embed3c83]
[www.flowparagliders.com.au/wp-json/wp/v2/pages/3093.json]
[www.flowparagliders.com.au/wp-content/uploads/2023/04/Panorama2-orange-3.jpg]
[www.flowparagliders.com.au/wp-content/uploads/2023/04/Panorama2-orange-2.jpg]
[www.flowparagliders.com.au/wp-content/uploads/2023/04/Panorama2-orange-1.jpg]
[www.flowparagliders.com.au/wp-content/uploads/2023/01/PANORAMA-2-MATERIALS-LOGO.jpg]
[www.flowparagliders.com.au/wp-content/uploads/2024/09/panorama-2-color-options-1.jpg]
[www.flowparagliders.com.au/wp-content/uploads/2024/04/Panorama2-Line-Plan.pdf]
[www.flowparagliders.com.au/wp-content/uploads/2024/11/Panorama2-Users-Manual-V2.1.pdf]
[www.flowparagliders.com.au/wp-content/uploads/2024/04/FLOW-Panorama-2-39-VF.xlsm]
[www.flowparagliders.com.au/wp-content/uploads/2024/11/FLOW-PARAGLIDERS-Panorama-2-32.xlsm]
[www.flowparagliders.com.au/wp-content/uploads/2024/11/Panorama2-a.jpg]
[www.flowparagliders.com.au/panorama-2/indexf85d.html]
[www.flowparagliders.com.au/wp-json/oembed/1.0/embede64b.json]
[www.flowparagliders.com.au/wp-json/oembed/1.0/embed01f6]
[www.flowparagliders.com.au/wp-json/wp/v2/pages/5292.json]
[www.flowparagliders.com.au/wp-content/uploads/2025/03/MYSTIC-LOGO.png]
[www.flowparagliders.com.au/wp-content/uploads/2025/03/2-LINER-EN-C-1.png]
[www.flowparagliders.com.au/wp-content/uploads/2025/03/Flow-Mystic-plus-Shark-Nose-Airfoil-1.png]
[www.flowparagliders.com.au/wp-content/uploads/2024/10/3D-CUT-AND-SAIL-OPTMISATION-1-scaled.jpg]
[www.flowparagliders.com.au/wp-content/uploads/2024/10/MYSTIC-arc-1.jpg]
[www.flowparagliders.com.au/wp-content/uploads/2025/03/mystic-plus-blue-colour.jpg]
[www.flowparagliders.com.au/wp-content/uploads/2025/03/mystic-plus-orange-colour.jpg]
[www.flowparagliders.com.au/wp-content/uploads/2025/03/mystic-plus-white-colour.jpg]
[www.flowparagliders.com.au/wp-content/uploads/2025/03/Flow-Mystic-Line-Plan.pdf]
[www.flowparagliders.com.au/wp-content/uploads/2025/04/Flow-Mystic-Users-Manual.pdf]
[www.flowparagliders.com.au/wp-content/uploads/2025/04/Flow-MYSTIC-Handbuch-DEUTSCH.pdf]
[www.flowparagliders.com.au/wp-content/uploads/2025/03/mystic-plus-banner-1.jpg]
[www.flowparagliders.com.au/mystic-plus/indexf85d.html]
[www.flowparagliders.com.au/wp-json/oembed/1.0/embed2a59.json]
[www.flowparagliders.com.au/wp-json/oembed/1.0/embed1b85]
[www.flowparagliders.com.au/wp-json/wp/v2/pages/4232.json]
[www.flowparagliders.com.au/wp-content/uploads/2024/10/mystic-gallery-image-1.jpg]
[www.flowparagliders.com.au/wp-content/uploads/2024/10/mystic-gallery-image-2.jpg]
[www.flowparagliders.com.au/wp-content/uploads/2024/10/mystic-gallery-image-3.jpg]
[www.flowparagliders.com.au/wp-content/uploads/2024/10/mystic-gallery-image-4.jpg]
[www.flowparagliders.com.au/wp-content/uploads/2024/10/mystic-gallery-image-5.jpg]
[www.flowparagliders.com.au/wp-content/uploads/2024/10/mystic-gallery-image-6.jpg]
[www.flowparagliders.com.au/wp-content/uploads/2024/10/mystic-gallery-image-7.jpg]
[www.flowparagliders.com.au/wp-content/uploads/2024/10/mystic-gallery-image-8.jpg]
[www.flowparagliders.com.au/wp-content/uploads/2024/10/mystic-gallery-image-9.jpg]
[www.flowparagliders.com.au/wp-content/uploads/2024/10/mystic-gallery-image-10.jpg]
[www.flowparagliders.com.au/wp-content/uploads/2024/10/mystic-gallery-image-11.jpg]
[www.flowparagliders.com.au/wp-content/uploads/2024/10/mystic-gallery-image-12.jpg]
[www.flowparagliders.com.au/wp-content/uploads/2024/10/mystic-gallery-image-13.jpg]
[www.flowparagliders.com.au/wp-content/uploads/2024/10/mystic-gallery-image-14.jpg]
[www.flowparagliders.com.au/wp-content/uploads/2024/10/mystic-gallery-image-15.jpg]
[www.flowparagliders.com.au/wp-content/uploads/2024/10/mystic-gallery-image-16.jpg]
[www.flowparagliders.com.au/wp-content/uploads/2024/10/mystic-gallery-image-17.jpg]
[www.flowparagliders.com.au/wp-content/uploads/2024/10/mystic-gallery-image-18.jpg]
[www.flowparagliders.com.au/wp-content/uploads/2024/10/mystic-gallery-image-19.jpg]
[www.flowparagliders.com.au/wp-content/uploads/2024/10/2-LINER-EN-C.png]
[www.flowparagliders.com.au/wp-content/uploads/2024/10/MYSTIC-SHARK-NOSE-1.jpg]
[www.flowparagliders.com.au/wp-content/uploads/2024/10/Mystic-blue-color-option.jpg]
[www.flowparagliders.com.au/wp-content/uploads/2024/10/Mystic-lime-color-option.jpg]
[www.flowparagliders.com.au/wp-content/uploads/2024/10/Mystic-orange-color-option.jpg]
[www.flowparagliders.com.au/wp-content/uploads/2024/10/Mystic-white-color-option.jpg]
[www.flowparagliders.com.au/wp-content/uploads/2024/10/Flow-Mystic-Line-Plan.pdf]
[www.flowparagliders.com.au/wp-content/uploads/2026/03/Flow-Mystic-Users-Manual_V01.05.pdf]
[www.flowparagliders.com.au/wp-content/uploads/2025/04/Flow-MYSTIC-Handbuch-DEUTSCH-1.pdf]
[www.flowparagliders.com.au/wp-content/uploads/2026/03/FLOW-MYSTIC-S-factory.xlsm]
[www.flowparagliders.com.au/wp-content/uploads/2024/10/mystic-banner-image-9.jpg]
[www.flowparagliders.com.au/mystic/indexf85d.html]
[www.flowparagliders.com.au/index1bd8.html]
[www.flowparagliders.com.au/wp-json/oembed/1.0/embed17fd.json]
[www.flowparagliders.com.au/wp-json/oembed/1.0/embed870c]
[www.flowparagliders.com.au/wp-json/wp/v2/pages/1042.json]
[www.flowparagliders.com.au/wp-content/uploads/2021/06/paragliders-fusion-light-gallery-1.jpg]
[www.flowparagliders.com.au/wp-content/uploads/2021/06/paragliders-fusion-light-gallery-2.jpg]
[www.flowparagliders.com.au/wp-content/uploads/2021/06/paragliders-fusion-light-gallery-3.jpg]
[www.flowparagliders.com.au/wp-content/uploads/2021/06/paragliders-fusion-light-gallery-4.jpg]
[www.flowparagliders.com.au/wp-content/uploads/2021/06/paragliders-fusion-light-gallery-5.jpg]
[www.flowparagliders.com.au/wp-content/uploads/2021/06/paragliders-fusion-light-gallery-6.jpg]
[www.flowparagliders.com.au/wp-content/uploads/2021/06/paragliders-fusion-light-gallery-7.jpg]
[www.flowparagliders.com.au/wp-content/uploads/2021/06/paragliders-fusion-light-gallery-8.jpg]
[www.flowparagliders.com.au/wp-content/uploads/2021/06/paragliders-fusion-light-gallery-9.jpg]
[www.flowparagliders.com.au/wp-content/uploads/2021/06/paragliders-fusion-light-gallery-10.jpg]
[www.flowparagliders.com.au/wp-content/uploads/2021/06/paragliders-fusion-light-gallery-11.jpg]
[www.flowparagliders.com.au/wp-content/uploads/2021/06/paragliders-fusion-light-gallery-12.jpg]
[www.flowparagliders.com.au/wp-content/uploads/2021/06/paragliders-fusion-light-gallery-13.jpg]
[www.flowparagliders.com.au/wp-content/uploads/2021/06/paragliders-fusion-light-gallery-14.jpg]
[www.flowparagliders.com.au/wp-content/uploads/2021/06/paragliders-fusion-light-gallery-15.jpg]
[www.flowparagliders.com.au/wp-content/uploads/2021/06/paragliders-fusion-light-gallery-16.jpg]
[flowparagliders.com.au/wp-content/uploads/2021/06/FUSION-LIGHT-LOGO-300x57-1.png]
[flowparagliders.com.au/wp-content/uploads/2021/06/fusion-light-risers-1.jpg]
[flowparagliders.com.au/wp-content/uploads/2021/07/paraglider-fusion-light-color-options.jpg]
[www.flowparagliders.com.au/wp-content/uploads/2023/11/FUSION-LIGHT-Users-Manual-V1.06.pdf]
[www.flowparagliders.com.au/wp-content/uploads/2022/05/FUSION-LIGHT-M-TRIM.xlsm]
[www.flowparagliders.com.au/wp-content/uploads/2022/05/FUSION-LIGHT-ML-TRIM.xlsm]
[flowparagliders.com.au/wp-content/uploads/2021/06/fusion-light-banner-1.jpg]
[www.flowparagliders.com.au/fusion-light/indexf85d.html]
[www.flowparagliders.com.au/wp-json/oembed/1.0/embede1fc.json]
[www.flowparagliders.com.au/wp-json/oembed/1.0/embedb9d4]
[www.flowparagliders.com.au/wp-json/wp/v2/pages/3090.json]
[www.flowparagliders.com.au/wp-content/uploads/2023/09/09.jpg]
[www.flowparagliders.com.au/wp-content/uploads/2023/09/02.jpg]
[www.flowparagliders.com.au/wp-content/uploads/2023/02/XCRacer2-gallery-4.jpg]
[www.flowparagliders.com.au/wp-content/uploads/2023/09/06.jpg]
[www.flowparagliders.com.au/wp-content/uploads/2023/09/01.jpg]
[www.flowparagliders.com.au/wp-content/uploads/2023/09/03.jpg]
[www.flowparagliders.com.au/wp-content/uploads/2023/09/04.jpg]
[www.flowparagliders.com.au/wp-content/uploads/2023/02/XCRacer2-banner-1.jpg]
[www.flowparagliders.com.au/wp-content/uploads/2023/09/05.jpg]
[www.flowparagliders.com.au/wp-content/uploads/2023/09/07.jpg]
[www.flowparagliders.com.au/wp-content/uploads/2023/02/XCRacer2-gallery-6.jpg]
[www.flowparagliders.com.au/wp-content/uploads/2023/09/08.jpg]
[www.flowparagliders.com.au/wp-content/uploads/2023/02/brandings-logo.gif]
[www.flowparagliders.com.au/wp-content/uploads/2023/02/XCRacer2-colour-options.jpg]
[www.flowparagliders.com.au/wp-content/uploads/2024/06/Flow-XCRacer2-User-Manual_V2.pdf]
[www.flowparagliders.com.au/wp-content/uploads/2024/06/XCRacer2-LINE-PLAN.pdf]
[www.flowparagliders.com.au/wp-content/uploads/2024/05/XCRacer2-S-factory-trim.xlsm]
[www.flowparagliders.com.au/wp-content/uploads/2024/05/XCRacer2-M-factory-trim.xlsm]
[www.flowparagliders.com.au/wp-content/uploads/2024/05/XCRacer2-ML-factory-trim.xlsm]
[www.flowparagliders.com.au/wp-content/uploads/2024/05/XCRacer2-L-factory-trim.xlsm]
[www.flowparagliders.com.au/xcracer-2/indexf85d.html]
[www.flowparagliders.com.au/wp-json/oembed/1.0/embed88d6.json]
[www.flowparagliders.com.au/wp-json/oembed/1.0/embed83fb]
[www.flowparagliders.com.au/wp-json/wp/v2/pages/2979.json]
[www.flowparagliders.com.au/wp-content/uploads/2022/07/spectra-2-gallery-2.jpg]
[www.flowparagliders.com.au/wp-content/uploads/2022/07/spectra-2-gallery-4.jpg]
[www.flowparagliders.com.au/wp-content/uploads/2022/07/spectra-2-gallery-5.jpg]
[www.flowparagliders.com.au/wp-content/uploads/2022/07/spectra-2-gallery-6.jpg]
[www.flowparagliders.com.au/wp-content/uploads/2022/07/spectra-2-gallery-7.jpg]
[www.flowparagliders.com.au/wp-content/uploads/2022/07/spectra-2-gallery-8.jpg]
[www.flowparagliders.com.au/wp-content/uploads/2022/07/spectra-2-gallery-11.jpg]
[www.flowparagliders.com.au/wp-content/uploads/2022/07/spectra-2-gallery-13.jpg]
[www.flowparagliders.com.au/wp-content/uploads/2022/07/spectra-2-gallery-14.jpg]
[www.flowparagliders.com.au/wp-content/uploads/2022/07/spectra-2-gallery-15.jpg]
[www.flowparagliders.com.au/wp-content/uploads/2022/07/spectra-2-gallery-16.jpg]
[www.flowparagliders.com.au/wp-content/uploads/2022/07/Spectra-2-logo.png]
[www.flowparagliders.com.au/wp-content/uploads/2022/07/blue.png]
[www.flowparagliders.com.au/wp-content/uploads/2022/07/orange.png]
[www.flowparagliders.com.au/wp-content/uploads/2022/07/red.png]
[www.flowparagliders.com.au/wp-content/uploads/2022/07/white.png]
[www.flowparagliders.com.au/wp-content/uploads/2022/07/Spectra2-Line-Plan.pdf]
[www.flowparagliders.com.au/wp-content/uploads/2022/07/Flow-SPECTRA-2-Users-Manual-V01.02.pdf]
[www.flowparagliders.com.au/wp-content/uploads/2022/07/FLOW-SPECTRA2-XS-MEASUREMENTS-Sporting-Code-S7-G-CCC-Paragliders-Requirements-2021-Annexe-B-Measurements-1.1.pdf]
[www.flowparagliders.com.au/wp-content/uploads/2022/07/CCC_026-2021_Conformity_Spectra2_XS.pdf]
[www.flowparagliders.com.au/wp-content/uploads/2022/07/FLOW-SPECTRA2-S-MEASUREMENTS-Sporting-Code-S7-G-CCC-Paragliders-Requirements-2021-Annexe-B-Measurements-1.1.pdf]
[www.flowparagliders.com.au/wp-content/uploads/2022/07/SPECTRA2-S-CCC-certificate-of-compliance.pdf]
[www.flowparagliders.com.au/wp-content/uploads/2022/07/FLOW-SPECTRA2-M-MEASUREMENTS-Sporting-Code-S7-G-CCC-Paragliders-Requirements-2021-Annexe-B-Measurements-1.1.pdf]
[www.flowparagliders.com.au/wp-content/uploads/2022/07/SPECTRA2-M-CCC-certificate-of-compliance.pdf]
[www.flowparagliders.com.au/wp-content/uploads/2022/07/FLOW-SPECTRA2-ML-MEASUREMENTS-Sporting-Code-S7-G-CCC-Paragliders-Requirements-2021-Annexe-B-Measurements-1.1.pdf]
[www.flowparagliders.com.au/wp-content/uploads/2022/07/SPECTRA2-ML-CCC-certificate-of-compliance.pdf]
[www.flowparagliders.com.au/wp-content/uploads/2022/07/FLOW-SPECTRA2-L-MEASUREMENTS-Sporting-Code-S7-G-CCC-Paragliders-Requirements-2021-Annexe-B-Measurements-1.1.pdf]
[www.flowparagliders.com.au/wp-content/uploads/2022/07/SPECTRA2-L-CCC-certificate-of-compliance.pdf]
[www.flowparagliders.com.au/wp-content/uploads/2022/07/Spectra2-S-FACTORY.xlsm]
[www.flowparagliders.com.au/wp-content/uploads/2022/08/Spectra2-M-FACTORY.xlsm]
[www.flowparagliders.com.au/wp-content/uploads/2022/07/Spectra2-ML-FACTORY.xlsm]
[www.flowparagliders.com.au/wp-content/uploads/2022/07/Spectra2-L-FACTORY.xlsm]
[www.flowparagliders.com.au/wp-content/uploads/2022/07/spectra-2-banner-3.jpg]
[www.flowparagliders.com.au/spectra-2/indexf85d.html]
[www.flowparagliders.com.au/wp-json/oembed/1.0/embed5211.json]
[www.flowparagliders.com.au/wp-json/oembed/1.0/embedd01d]
[www.flowparagliders.com.au/wp-json/wp/v2/product/6009.json]
[www.flowparagliders.com.au/wp-content/themes/Divi/style-static-cpt.min899e.css]
[www.flowparagliders.com.au/wp-content/et-cache/global/et-divi-customizer-global.minb82a.css]
[www.flowparagliders.com.au/wp-content/uploads/2026/03/MULLET-2-LOGO-300x51.png]
[www.flowparagliders.com.au/wp-content/uploads/2026/02/flow-logo-small.png]
[www.flowparagliders.com.au/wp-content/uploads/2026/03/mullet-2-fatured-image.jpg]
[www.flowparagliders.com.au/wp-content/uploads/2026/03/mullet-2-fatured-image-2.jpg]
[www.flowparagliders.com.au/wp-content/uploads/2026/03/mullet-gallery-1.jpg]
[www.flowparagliders.com.au/wp-content/uploads/2026/03/mullet-gallery-1-1200x675.jpg]
[www.flowparagliders.com.au/wp-content/uploads/2026/03/mullet-gallery-2.jpg]
[www.flowparagliders.com.au/wp-content/uploads/2026/03/mullet-gallery-2-1200x675.jpg]
[www.flowparagliders.com.au/wp-content/uploads/2026/03/mullet-gallery-3.jpg]
[www.flowparagliders.com.au/wp-content/uploads/2026/03/mullet-gallery-3-1200x675.jpg]
[www.flowparagliders.com.au/wp-content/uploads/2026/03/mullet-gallery-4.jpg]
[www.flowparagliders.com.au/wp-content/uploads/2026/03/mullet-gallery-4-1200x675.jpg]
[www.flowparagliders.com.au/wp-content/uploads/2026/03/mullet-gallery-5.jpg]
[www.flowparagliders.com.au/wp-content/uploads/2026/03/mullet-gallery-5-1200x675.jpg]
[www.flowparagliders.com.au/wp-content/uploads/2026/03/mullet-gallery-6.jpg]
[www.flowparagliders.com.au/wp-content/uploads/2026/03/mullet-gallery-6-1200x675.jpg]
[www.flowparagliders.com.au/wp-content/uploads/2026/03/mullet-gallery-7.jpg]
[www.flowparagliders.com.au/wp-content/uploads/2026/03/mullet-gallery-7-1200x675.jpg]
[www.flowparagliders.com.au/wp-content/uploads/2026/03/mullet-gallery-8.jpg]
[www.flowparagliders.com.au/wp-content/uploads/2026/03/mullet-gallery-8-1200x675.jpg]
[www.flowparagliders.com.au/wp-content/uploads/2026/03/mullet-gallery-9.jpg]
[www.flowparagliders.com.au/wp-content/uploads/2026/03/mullet-gallery-9-1200x675.jpg]
[www.flowparagliders.com.au/wp-content/uploads/2026/03/mullet-gallery-10.jpg]
[www.flowparagliders.com.au/wp-content/uploads/2026/03/mullet-gallery-10-1200x675.jpg]
[www.flowparagliders.com.au/wp-content/uploads/2026/03/mullet-gallery-11.jpg]
[www.flowparagliders.com.au/wp-content/uploads/2026/03/mullet-gallery-11-1200x675.jpg]
[www.flowparagliders.com.au/wp-content/uploads/2026/03/mullet-gallery-12.jpg]
[www.flowparagliders.com.au/wp-content/uploads/2026/03/mullet-gallery-12-1200x675.jpg]
[www.flowparagliders.com.au/wp-content/uploads/2026/03/mullet-gallery-13.jpg]
[www.flowparagliders.com.au/wp-content/uploads/2026/03/mullet-gallery-13-1200x675.jpg]
[www.flowparagliders.com.au/wp-content/uploads/2026/03/mullet-gallery-14.jpg]
[www.flowparagliders.com.au/wp-content/uploads/2026/03/mullet-gallery-14-1200x675.jpg]
[www.flowparagliders.com.au/wp-content/uploads/2026/03/mullet-gallery-15.jpg]
[www.flowparagliders.com.au/wp-content/uploads/2026/03/mullet-gallery-15-1200x675.jpg]
[www.flowparagliders.com.au/wp-content/uploads/2026/03/mullet-gallery-16.jpg]
[www.flowparagliders.com.au/wp-content/uploads/2026/03/mullet-gallery-16-1200x675.jpg]
[www.flowparagliders.com.au/wp-content/uploads/2026/03/mullet-gallery-17.jpg]
[www.flowparagliders.com.au/wp-content/uploads/2026/03/mullet-gallery-17-1200x675.jpg]
[www.flowparagliders.com.au/wp-content/uploads/2026/03/mullet-gallery-18.jpg]
[www.flowparagliders.com.au/wp-content/uploads/2026/03/mullet-gallery-18-1200x675.jpg]
[www.flowparagliders.com.au/wp-content/uploads/2026/03/mullet-gallery-19.jpg]
[www.flowparagliders.com.au/wp-content/uploads/2026/03/mullet-gallery-19-1200x675.jpg]
[www.flowparagliders.com.au/wp-content/uploads/2026/03/mullet-gallery-20.jpg]
[www.flowparagliders.com.au/wp-content/uploads/2026/03/mullet-gallery-20-1200x675.jpg]
[www.flowparagliders.com.au/wp-content/uploads/2026/03/mullet-gallery-21.jpg]
[www.flowparagliders.com.au/wp-content/uploads/2026/03/mullet-gallery-21-1200x675.jpg]
[www.flowparagliders.com.au/wp-content/uploads/2026/03/mullet-gallery-22.jpg]
[www.flowparagliders.com.au/wp-content/uploads/2026/03/mullet-gallery-22-1200x675.jpg]
[www.flowparagliders.com.au/wp-content/uploads/2026/03/mullet-gallery-23.jpg]
[www.flowparagliders.com.au/wp-content/uploads/2026/03/mullet-gallery-23-1200x675.jpg]
[www.flowparagliders.com.au/wp-content/uploads/2026/03/mullet-gallery-24.jpg]
[www.flowparagliders.com.au/wp-content/uploads/2026/03/mullet-gallery-24-1200x675.jpg]
[www.flowparagliders.com.au/wp-content/uploads/2026/03/mullet-gallery-25.jpg]
[www.flowparagliders.com.au/wp-content/uploads/2026/03/mullet-gallery-25-1200x675.jpg]
[www.flowparagliders.com.au/wp-content/uploads/2026/03/mullet-gallery-26.jpg]
[www.flowparagliders.com.au/wp-content/uploads/2026/03/mullet-gallery-26-1200x675.jpg]
[www.flowparagliders.com.au/wp-content/uploads/2026/03/mullet-gallery-27.jpg]
[www.flowparagliders.com.au/wp-content/uploads/2026/03/mullet-gallery-27-1200x675.jpg]
[www.flowparagliders.com.au/wp-content/uploads/2026/03/mullet-gallery-28.jpg]
[www.flowparagliders.com.au/wp-content/uploads/2026/03/mullet-gallery-28-1200x675.jpg]
[www.flowparagliders.com.au/wp-content/uploads/2026/03/mullet-gallery-29.jpg]
[www.flowparagliders.com.au/wp-content/uploads/2026/03/mullet-gallery-29-1200x675.jpg]
[www.flowparagliders.com.au/wp-content/uploads/2026/03/mullet-gallery-30.jpg]
[www.flowparagliders.com.au/wp-content/uploads/2026/03/mullet-gallery-30-1200x675.jpg]
[www.flowparagliders.com.au/wp-content/uploads/2026/03/mullet-gallery-31.jpg]
[www.flowparagliders.com.au/wp-content/uploads/2026/03/mullet-gallery-31-1200x675.jpg]
[www.flowparagliders.com.au/wp-content/uploads/2026/03/mullet-gallery-32.jpg]
[www.flowparagliders.com.au/wp-content/uploads/2026/03/mullet-gallery-32-1200x675.jpg]
[www.flowparagliders.com.au/wp-content/uploads/2026/03/mullet-gallery-33.jpg]
[www.flowparagliders.com.au/wp-content/uploads/2026/03/mullet-gallery-33-1200x675.jpg]
[www.flowparagliders.com.au/wp-content/uploads/2026/03/mullet-gallery-34.jpg]
[www.flowparagliders.com.au/wp-content/uploads/2026/03/mullet-gallery-34-1200x675.jpg]
[www.flowparagliders.com.au/wp-content/uploads/2026/03/mullet-2-wind-range-img-1.jpg]
[www.flowparagliders.com.au/wp-content/uploads/2026/03/mullet-2-wind-range-img-2.jpg]
[www.flowparagliders.com.au/wp-content/uploads/2026/03/mullet-2-materials-img-1.jpg]
[www.flowparagliders.com.au/wp-content/uploads/2026/03/mullet-2-materials-img-2.jpg]
[www.flowparagliders.com.au/wp-content/uploads/2026/03/reflex-profile-img.jpg]
[www.flowparagliders.com.au/wp-content/uploads/2026/03/mullet-2-image-photo01.jpg]
[www.flowparagliders.com.au/wp-content/uploads/2026/03/risers-img-2.jpg]
[www.flowparagliders.com.au/wp-content/uploads/2026/03/mullet-2-colour-sunrise-img.jpg]
[www.flowparagliders.com.au/wp-content/uploads/2026/03/mullet-2-colour-maui-img.jpg]
[www.flowparagliders.com.au/wp-content/uploads/2026/03/mullet-2-photo-2.jpg]
[www.flowparagliders.com.au/wp-content/uploads/siteground-optimizer-assets/et-builder-cpt-modules-wrapper.min899e.js]
[www.flowparagliders.com.au/wp-content/uploads/2026/03/mullet-banner-1.jpg]
[www.flowparagliders.com.au/product/mullet-2/indexf85d.html]
[www.flowparagliders.com.au/wp-json/oembed/1.0/embed430a.json]
[www.flowparagliders.com.au/wp-json/oembed/1.0/embed0d09]
[www.flowparagliders.com.au/wp-json/wp/v2/pages/4359.json]
[www.flowparagliders.com.au/wp-includes/js/mediaelement/mediaelementplayer-legacy.min1f61.css]
[www.flowparagliders.com.au/wp-includes/js/mediaelement/wp-mediaelement.minb34e.css]
[www.flowparagliders.com.au/wp-content/uploads/2024/12/Flow-Mullet-X-banner-bg.mp4]
[www.flowparagliders.com.au/wp-content/uploads/2024/12/mulletx-materials-1.jpg]
[www.flowparagliders.com.au/wp-content/uploads/2024/12/mulletx-materials-2.jpg]
[www.flowparagliders.com.au/wp-content/uploads/2024/12/logos-bar-mullet-x.jpg]
[www.flowparagliders.com.au/wp-content/uploads/2024/12/PROFILE-REFLEXT-AIRFOIL-1.png]
[www.flowparagliders.com.au/wp-content/uploads/2024/12/MULLETX-SAIL-TENSION-1.jpg]
[www.flowparagliders.com.au/wp-content/uploads/2024/12/MULLETX-ARC-1.jpg]
[www.flowparagliders.com.au/wp-content/uploads/2024/12/LINES-PICTURE-1.jpg]
[www.flowparagliders.com.au/wp-content/uploads/2024/12/DSC02906.jpg]
[www.flowparagliders.com.au/wp-content/uploads/2024/12/DSC03967.jpg]
[www.flowparagliders.com.au/wp-content/uploads/2024/12/DSC03942.jpg]
[www.flowparagliders.com.au/wp-content/uploads/2024/12/DSC03937.jpg]
[www.flowparagliders.com.au/wp-content/uploads/2024/12/DSC03928.jpg]
[www.flowparagliders.com.au/wp-content/uploads/2024/12/DSC03924.jpg]
[www.flowparagliders.com.au/wp-content/uploads/2024/12/DSC04025_1.jpg]
[www.flowparagliders.com.au/wp-content/uploads/2024/12/DSC03923.jpg]
[www.flowparagliders.com.au/wp-content/uploads/2024/12/DSC03922.jpg]
[www.flowparagliders.com.au/wp-content/uploads/2024/12/DSC03915.jpg]
[www.flowparagliders.com.au/wp-content/uploads/2024/12/DSC03914.jpg]
[www.flowparagliders.com.au/wp-content/uploads/2024/12/DSC03909.jpg]
[www.flowparagliders.com.au/wp-content/uploads/2024/12/DSC03887.jpg]
[www.flowparagliders.com.au/wp-content/uploads/2024/12/DSC03885.jpg]
[www.flowparagliders.com.au/wp-content/uploads/2024/12/DSC03875.jpg]
[www.flowparagliders.com.au/wp-content/uploads/2024/12/DSC03009.jpg]
[www.flowparagliders.com.au/wp-content/uploads/2024/12/DSC02993.jpg]
[www.flowparagliders.com.au/wp-content/uploads/2025/02/mullet-x-colour-1.jpg]
[www.flowparagliders.com.au/wp-content/uploads/2025/02/mullet-x-colour-2.jpg]
[www.flowparagliders.com.au/wp-content/uploads/2024/12/MULLETX-Line-Plan.pdf]
[www.flowparagliders.com.au/wp-content/uploads/2024/12/MULLETX-13.xlsx]
[www.flowparagliders.com.au/wp-content/uploads/2024/12/MULLETX-15.xlsx]
[www.flowparagliders.com.au/wp-content/uploads/2024/12/MULLETX-17.5.xlsx]
[www.flowparagliders.com.au/wp-content/uploads/2024/12/MULLETX-20.5.xlsx]
[www.flowparagliders.com.au/wp-content/uploads/2024/12/MULLETX-23.5.xlsx]
[www.flowparagliders.com.au/wp-includes/js/mediaelement/mediaelement-and-player.min1f61.js]
[www.flowparagliders.com.au/wp-includes/js/mediaelement/mediaelement-migrate.minb34e.js]
[www.flowparagliders.com.au/mulletx/indexf85d.html]
[www.flowparagliders.com.au/wp-includes/js/mediaelement/wp-mediaelement.minb34e.js]
[www.flowparagliders.com.au/wp-json/oembed/1.0/embedf47b.json]
[www.flowparagliders.com.au/wp-json/oembed/1.0/embed1841]
[www.flowparagliders.com.au/wp-json/wp/v2/pages/5138.json]
[www.flowparagliders.com.au/wp-content/uploads/2025/09/ALBATROXX-Video.mp4]
[www.flowparagliders.com.au/wp-content/uploads/2025/02/albatroxx-decour-image-2-1.jpg]
[www.flowparagliders.com.au/wp-content/uploads/2025/02/albatroxx-decour-image-3-1.jpg]
[www.flowparagliders.com.au/wp-content/uploads/2025/02/albatroxx-materials-image-1-1.jpg]
[www.flowparagliders.com.au/wp-content/uploads/2025/02/albatroxx-materials-image-2-1.jpg]
[www.flowparagliders.com.au/wp-content/uploads/2025/02/albatroxx-range-graphic-1.jpg]
[www.flowparagliders.com.au/wp-content/uploads/2025/02/albatroxx-lime.jpg]
[www.flowparagliders.com.au/wp-content/uploads/2025/02/albatroxx-yellow.jpg]
[www.flowparagliders.com.au/wp-content/uploads/2025/02/albatroxx-lilac.jpg]
[www.flowparagliders.com.au/albatroxx/indexf85d.html]
[www.flowparagliders.com.au/wp-json/oembed/1.0/embede45a.json]
[www.flowparagliders.com.au/wp-json/oembed/1.0/embed9ac0]
[www.flowparagliders.com.au/wp-json/wp/v2/pages/3097.json]
[www.flowparagliders.com.au/wp-content/uploads/2023/02/yoti-3-gallery-5.jpg]
[www.flowparagliders.com.au/wp-content/uploads/2023/02/yoti-3-gallery-6.jpg]
[www.flowparagliders.com.au/wp-content/uploads/2023/02/yoti-3-gallery-1.jpg]
[www.flowparagliders.com.au/wp-content/uploads/2023/02/yoti-3-gallery-2.jpg]
[www.flowparagliders.com.au/wp-content/uploads/2023/02/yoti-3-gallery-3.jpg]
[www.flowparagliders.com.au/wp-content/uploads/2023/02/yoti-3-gallery-4.jpg]
[www.flowparagliders.com.au/wp-content/uploads/2023/02/yoti-3-gallery-7.jpg]
[www.flowparagliders.com.au/wp-content/uploads/2023/02/yoti-3-colour-options-1.jpg]
[www.flowparagliders.com.au/wp-content/uploads/2023/02/yoti-3-banner-1.jpg]
[www.flowparagliders.com.au/yoti-3/indexf85d.html]
[www.flowparagliders.com.au/wp-json/oembed/1.0/embedd3df.json]
[www.flowparagliders.com.au/wp-json/oembed/1.0/embed3233]
[www.flowparagliders.com.au/wp-json/wp/v2/pages/3100.json]
[www.flowparagliders.com.au/wp-content/uploads/2023/02/yoti-3-light-gallery-1.jpg]
[www.flowparagliders.com.au/wp-content/uploads/2023/02/yoti-3-light-colour-1.jpg]
[www.flowparagliders.com.au/wp-content/uploads/2023/02/yoti-3-light-banner-1-1.jpg]
[www.flowparagliders.com.au/yoti-3-light/indexf85d.html]
[www.flowparagliders.com.au/wp-json/oembed/1.0/embed311a.json]
[www.flowparagliders.com.au/wp-json/oembed/1.0/embed0d27]
[www.flowparagliders.com.au/wp-json/wp/v2/pages/1114.json]
[www.flowparagliders.com.au/wp-content/uploads/2021/06/paragliders-ace-gallery-1.jpg]
[www.flowparagliders.com.au/wp-content/uploads/2021/06/paragliders-ace-gallery-2.jpg]
[www.flowparagliders.com.au/wp-content/uploads/2021/06/paragliders-ace-gallery-3.jpg]
[www.flowparagliders.com.au/wp-content/uploads/2021/06/paragliders-ace-gallery-4.jpg]
[www.flowparagliders.com.au/wp-content/uploads/2021/06/paragliders-ace-gallery-5.jpg]
[www.flowparagliders.com.au/wp-content/uploads/2021/06/paragliders-ace-gallery-6.jpg]
[www.flowparagliders.com.au/wp-content/uploads/2021/06/paragliders-ace-gallery-7.jpg]
[www.flowparagliders.com.au/wp-content/uploads/2021/06/paragliders-ace-gallery-8.jpg]
[www.flowparagliders.com.au/wp-content/uploads/2021/06/paragliders-ace-gallery-9.jpg]
[www.flowparagliders.com.au/wp-content/uploads/2021/06/paragliders-ace-gallery-10.jpg]
[flowparagliders.com.au/wp-content/uploads/2021/06/ACE-logo-e1602147687289-170x53-1.png]
[flowparagliders.com.au/wp-content/uploads/2021/06/img-logos.jpg]
[flowparagliders.com.au/wp-content/uploads/2021/07/paraglider-ace-color-options-1.jpg]
[flowparagliders.com.au/wp-content/uploads/2021/04/FLOW-RUCKSACKS-ok.jpg]
[flowparagliders.com.au/wp-content/uploads/2021/04/Flowcap.jpg]
[flowparagliders.com.au/wp-content/uploads/2021/04/repair-kit-flow-1.jpg]
[flowparagliders.com.au/wp-content/uploads/2021/06/ace-banner-1.jpg]
[www.flowparagliders.com.au/ace/indexf85d.html]
[www.flowparagliders.com.au/wp-json/oembed/1.0/embedc8be.json]
[www.flowparagliders.com.au/wp-json/oembed/1.0/embed2c10]
[www.flowparagliders.com.au/wp-json/wp/v2/pages/991.json]
[www.flowparagliders.com.au/wp-content/uploads/2021/06/paragliders-cosmo-gallery-1-1.jpg]
[www.flowparagliders.com.au/wp-content/uploads/2021/06/paragliders-cosmo-gallery-2-1.jpg]
[www.flowparagliders.com.au/wp-content/uploads/2021/06/paragliders-cosmo-gallery-3-1.jpg]
[www.flowparagliders.com.au/wp-content/uploads/2021/06/paragliders-cosmo-gallery-4-1.jpg]
[www.flowparagliders.com.au/wp-content/uploads/2021/06/paragliders-cosmo-gallery-5-1.jpg]
[www.flowparagliders.com.au/wp-content/uploads/2021/06/paragliders-cosmo-gallery-6-1.jpg]
[www.flowparagliders.com.au/wp-content/uploads/2021/06/paragliders-cosmo-gallery-7-1.jpg]
[www.flowparagliders.com.au/wp-content/uploads/2021/06/paragliders-cosmo-gallery-8-1.jpg]
[www.flowparagliders.com.au/wp-content/uploads/2021/06/paragliders-cosmo-gallery-9-1.jpg]
[www.flowparagliders.com.au/wp-content/uploads/2021/06/paragliders-cosmo-gallery-10-1.jpg]
[www.flowparagliders.com.au/wp-content/uploads/2021/06/paragliders-cosmo-gallery-11-1.jpg]
[www.flowparagliders.com.au/wp-content/uploads/2021/06/paragliders-cosmo-gallery-12-1.png]
[www.flowparagliders.com.au/wp-content/uploads/2021/06/paragliders-cosmo-gallery-13-1.jpg]
[www.flowparagliders.com.au/wp-content/uploads/2021/06/paragliders-cosmo-gallery-14-1.jpg]
[www.flowparagliders.com.au/wp-content/uploads/2021/06/paragliders-cosmo-gallery-15-1.png]
[www.flowparagliders.com.au/wp-content/uploads/2021/06/paragliders-cosmo-gallery-16-1.jpg]
[www.flowparagliders.com.au/wp-content/uploads/2021/06/paragliders-cosmo-gallery-17-1.jpg]
[www.flowparagliders.com.au/wp-content/uploads/2021/06/paragliders-cosmo-gallery-18-1.png]
[www.flowparagliders.com.au/wp-content/uploads/2021/06/paragliders-cosmo-gallery-19-1.jpg]
[www.flowparagliders.com.au/wp-content/uploads/2021/06/paragliders-cosmo-gallery-20-1.jpg]
[flowparagliders.com.au/wp-content/uploads/2021/06/Cosmos-Logo-300x67-1.png]
[flowparagliders.com.au/wp-content/uploads/2021/07/paraglider-cosmos-color-options.jpg]
[www.flowparagliders.com.au/wp-content/uploads/2024/01/Cosmos-Users-Manual-V3.pdf]
[www.flowparagliders.com.au/wp-content/uploads/2024/01/COSMOS-L-FACTORY-.xlsm]
[www.flowparagliders.com.au/wp-content/uploads/2024/01/COSMOS-M-FACTORY.xlsm]
[www.flowparagliders.com.au/wp-content/uploads/2024/01/COSMOS-S-FACTORY-.xlsm]
[www.flowparagliders.com.au/wp-content/uploads/2024/01/COSMOS-XS-FACTORY.xlsm]
[flowparagliders.com.au/wp-content/uploads/2021/06/cosmos-banner-1.jpg]
[www.flowparagliders.com.au/cosmos/indexf85d.html]
[www.flowparagliders.com.au/wp-json/oembed/1.0/embed922f.json]
[www.flowparagliders.com.au/wp-json/oembed/1.0/embed2d63]
[www.flowparagliders.com.au/wp-json/wp/v2/pages/1004.json]
[www.flowparagliders.com.au/wp-content/uploads/2021/06/paragliders-freedom-gallery-15.png]
[www.flowparagliders.com.au/wp-content/uploads/2021/06/paragliders-freedom-gallery-1.png]
[www.flowparagliders.com.au/wp-content/uploads/2021/06/paragliders-freedom-gallery-2.png]
[www.flowparagliders.com.au/wp-content/uploads/2021/06/paragliders-freedom-gallery-3.png]
[www.flowparagliders.com.au/wp-content/uploads/2021/06/paragliders-freedom-gallery-4.png]
[www.flowparagliders.com.au/wp-content/uploads/2021/06/paragliders-freedom-gallery-5.png]
[www.flowparagliders.com.au/wp-content/uploads/2021/06/paragliders-freedom-gallery-6.png]
[www.flowparagliders.com.au/wp-content/uploads/2021/06/paragliders-freedom-gallery-7.png]
[www.flowparagliders.com.au/wp-content/uploads/2021/06/paragliders-freedom-gallery-8.png]
[www.flowparagliders.com.au/wp-content/uploads/2021/06/paragliders-freedom-gallery-9.png]
[www.flowparagliders.com.au/wp-content/uploads/2021/06/paragliders-freedom-gallery-10.png]
[www.flowparagliders.com.au/wp-content/uploads/2021/06/paragliders-freedom-gallery-11.png]
[www.flowparagliders.com.au/wp-content/uploads/2021/06/paragliders-freedom-gallery-12.png]
[www.flowparagliders.com.au/wp-content/uploads/2021/06/paragliders-freedom-gallery-13.png]
[www.flowparagliders.com.au/wp-content/uploads/2021/06/paragliders-freedom-gallery-14.png]
[flowparagliders.com.au/wp-content/uploads/2021/06/freedom_logo100-300x94-1.png]
[flowparagliders.com.au/wp-content/uploads/2021/07/paraglider-freedom-color-options.jpg]
[flowparagliders.com.au/wp-content/uploads/2021/06/Freedom-slide.jpg]
[www.flowparagliders.com.au/freedom/indexf85d.html]
[www.flowparagliders.com.au/mullet/indexf85d.html]
[www.flowparagliders.com.au/wp-json/oembed/1.0/embed910a.json]
[www.flowparagliders.com.au/wp-json/oembed/1.0/embed3d89]
[www.flowparagliders.com.au/wp-json/wp/v2/pages/1053.json]
[www.flowparagliders.com.au/wp-content/uploads/2021/06/paragliders-panorama-gallery-1.png]
[www.flowparagliders.com.au/wp-content/uploads/2021/06/paragliders-panorama-gallery-2.png]
[www.flowparagliders.com.au/wp-content/uploads/2021/06/paragliders-panorama-gallery-3.jpg]
[www.flowparagliders.com.au/wp-content/uploads/2021/06/paragliders-panorama-gallery-4.jpg]
[www.flowparagliders.com.au/wp-content/uploads/2021/06/paragliders-panorama-gallery-5.png]
[www.flowparagliders.com.au/wp-content/uploads/2021/06/paragliders-panorama-gallery-6.png]
[www.flowparagliders.com.au/wp-content/uploads/2021/06/paragliders-panorama-gallery-7.jpg]
[www.flowparagliders.com.au/wp-content/uploads/2021/06/paragliders-panorama-gallery-8.png]
[www.flowparagliders.com.au/wp-content/uploads/2021/06/paragliders-panorama-gallery-9.png]
[www.flowparagliders.com.au/wp-content/uploads/2021/06/paragliders-panorama-gallery-10.png]
[www.flowparagliders.com.au/wp-content/uploads/2021/06/paragliders-panorama-gallery-11.png]
[www.flowparagliders.com.au/wp-content/uploads/2021/06/paragliders-panorama-gallery-12.png]
[www.flowparagliders.com.au/wp-content/uploads/2021/06/paragliders-panorama-gallery-13.png]
[www.flowparagliders.com.au/wp-content/uploads/2021/06/paragliders-panorama-gallery-14.jpg]
[www.flowparagliders.com.au/wp-content/uploads/2021/06/paragliders-panorama-gallery-15.png]
[flowparagliders.com.au/wp-content/uploads/2021/06/Flow-Panorama-logo-300x44-1.png]
[flowparagliders.com.au/wp-content/uploads/2021/06/img-log.jpg]
[flowparagliders.com.au/wp-content/uploads/2021/07/paraglider-panorama-color-options.jpg]
[flowparagliders.com.au/wp-content/uploads/2021/06/Panorama-banner-1.jpg]
[www.flowparagliders.com.au/panorama/indexf85d.html]
[www.flowparagliders.com.au/wp-json/oembed/1.0/embedcfa2.json]
[www.flowparagliders.com.au/wp-json/oembed/1.0/embed28eb]
[www.flowparagliders.com.au/wp-json/wp/v2/pages/1072.json]
[www.flowparagliders.com.au/wp-content/uploads/2021/06/paragliders-xracer-gallery-1-scaled.jpg]
[www.flowparagliders.com.au/wp-content/uploads/2021/06/paragliders-xracer-gallery-2.png]
[www.flowparagliders.com.au/wp-content/uploads/2021/06/paragliders-xracer-gallery-3.png]
[www.flowparagliders.com.au/wp-content/uploads/2021/06/paragliders-xracer-gallery-4.png]
[www.flowparagliders.com.au/wp-content/uploads/2021/06/paragliders-xracer-gallery-5.png]
[www.flowparagliders.com.au/wp-content/uploads/2021/06/paragliders-xracer-gallery-6.png]
[www.flowparagliders.com.au/wp-content/uploads/2021/06/paragliders-xracer-gallery-7.png]
[www.flowparagliders.com.au/wp-content/uploads/2021/06/paragliders-xracer-gallery-8.png]
[flowparagliders.com.au/wp-content/uploads/2021/06/XCRacer-300x56-1.png]
[flowparagliders.com.au/wp-content/uploads/2021/06/img-logos-1-1.jpg]
[flowparagliders.com.au/wp-content/uploads/2021/07/xcracer-translucent-900x400-1.png]
[flowparagliders.com.au/wp-content/uploads/2021/07/paraglider-xcracer-color-options.jpg]
[www.flowparagliders.com.au/wp-content/uploads/2022/07/XCRACER-S-Factory.xlsm]
[www.flowparagliders.com.au/wp-content/uploads/2022/07/XCRACER-M-Factory-V2.xlsm]
[www.flowparagliders.com.au/wp-content/uploads/2022/07/XCRacer-ML-Factory-v2.xlsm]
[www.flowparagliders.com.au/wp-content/uploads/2022/07/XCRacer-L-Factory-v2.xlsx]
[flowparagliders.com.au/wp-content/uploads/2021/06/xracer-banner-3.jpg]
[www.flowparagliders.com.au/xcracer/indexf85d.html]
[www.flowparagliders.com.au/wp-json/oembed/1.0/embed19b6.json]
[www.flowparagliders.com.au/wp-json/oembed/1.0/embedcc57]
[www.flowparagliders.com.au/wp-json/wp/v2/pages/1062.json]
[www.flowparagliders.com.au/wp-content/uploads/2021/06/paragliders-spectra-gallery-1.jpg]
[www.flowparagliders.com.au/wp-content/uploads/2021/06/paragliders-spectra-gallery-2.jpg]
[www.flowparagliders.com.au/wp-content/uploads/2021/06/paragliders-spectra-gallery-3.jpg]
[www.flowparagliders.com.au/wp-content/uploads/2021/06/paragliders-spectra-gallery-4.jpg]
[www.flowparagliders.com.au/wp-content/uploads/2021/06/paragliders-spectra-gallery-5.jpg]
[www.flowparagliders.com.au/wp-content/uploads/2021/06/paragliders-spectra-gallery-6.jpg]
[www.flowparagliders.com.au/wp-content/uploads/2021/06/paragliders-spectra-gallery-7.jpg]
[www.flowparagliders.com.au/wp-content/uploads/2021/06/paragliders-spectra-gallery-8.jpg]
[www.flowparagliders.com.au/wp-content/uploads/2021/06/paragliders-spectra-gallery-9.jpg]
[www.flowparagliders.com.au/wp-content/uploads/2021/06/paragliders-spectra-gallery-10.png]
[www.flowparagliders.com.au/wp-content/uploads/2021/06/paragliders-spectra-gallery-11.jpg]
[www.flowparagliders.com.au/wp-content/uploads/2021/06/paragliders-spectra-gallery-12.png]
[flowparagliders.com.au/wp-content/uploads/2021/06/spectra_logo_100.png]
[flowparagliders.com.au/wp-content/uploads/2021/06/spectra_blue.jpg]
[flowparagliders.com.au/wp-content/uploads/2021/06/spectra_lime.jpg]
[flowparagliders.com.au/wp-content/uploads/2021/06/spectra_orange.jpg]
[flowparagliders.com.au/wp-content/uploads/2021/06/spectra_red.jpg]
[flowparagliders.com.au/wp-content/uploads/2021/06/spectra-banner-3.jpg]
[www.flowparagliders.com.au/spectra/indexf85d.html]
[www.flowparagliders.com.au/wp-json/oembed/1.0/embed57e7.json]
[www.flowparagliders.com.au/wp-json/oembed/1.0/embed03e2]
[www.flowparagliders.com.au/wp-json/wp/v2/pages/1080.json]
[www.flowparagliders.com.au/wp-content/uploads/2021/06/paragliders-yoti2-gallery-15.png]
[www.flowparagliders.com.au/wp-content/uploads/2021/06/paragliders-yoti2-gallery-5.jpg]
[www.flowparagliders.com.au/wp-content/uploads/2021/06/paragliders-yoti2-gallery-2.png]
[www.flowparagliders.com.au/wp-content/uploads/2021/06/paragliders-yoti2-gallery-1.png]
[www.flowparagliders.com.au/wp-content/uploads/2021/06/paragliders-yoti2-gallery-3.jpg]
[www.flowparagliders.com.au/wp-content/uploads/2021/06/paragliders-yoti2-gallery-4.jpg]
[www.flowparagliders.com.au/wp-content/uploads/2021/06/paragliders-yoti2-gallery-6.jpg]
[www.flowparagliders.com.au/wp-content/uploads/2021/06/paragliders-yoti2-gallery-7.jpg]
[www.flowparagliders.com.au/wp-content/uploads/2021/06/paragliders-yoti2-gallery-8.jpg]
[www.flowparagliders.com.au/wp-content/uploads/2021/06/paragliders-yoti2-gallery-9.jpg]
[www.flowparagliders.com.au/wp-content/uploads/2021/06/paragliders-yoti2-gallery-10.png]
[www.flowparagliders.com.au/wp-content/uploads/2021/06/paragliders-yoti2-gallery-11.jpg]
[www.flowparagliders.com.au/wp-content/uploads/2021/06/paragliders-yoti2-gallery-12.png]
[www.flowparagliders.com.au/wp-content/uploads/2021/06/paragliders-yoti2-gallery-13.png]
[www.flowparagliders.com.au/wp-content/uploads/2021/06/paragliders-yoti2-gallery-14.png]
[flowparagliders.com.au/wp-content/uploads/2021/06/logo-yoti-2-small.png]
[flowparagliders.com.au/wp-content/uploads/2021/06/LINE-REDUCTION-300x300-1.jpg]
[flowparagliders.com.au/wp-content/uploads/2021/06/SHARK-NOSE-300x300-1.jpg]
[flowparagliders.com.au/wp-content/uploads/2021/06/TECHNOLOGY-AND-FEATURES-300x300-1.jpg]
[flowparagliders.com.au/wp-content/uploads/2021/07/RISER-1.jpg]
[flowparagliders.com.au/wp-content/uploads/2021/07/paraglider-yoti2-color-options.jpg]
[www.flowparagliders.com.au/wp-content/uploads/2021/07/yoti-motor-2.jpg]
[www.flowparagliders.com.au/wp-content/uploads/2021/07/yoti-motor-8.jpg]
[www.flowparagliders.com.au/wp-content/uploads/2021/07/yoti-motor-9.jpg]
[www.flowparagliders.com.au/wp-content/uploads/2021/07/yoti-motor-4.jpg]
[www.flowparagliders.com.au/wp-content/uploads/2021/07/yoti-motor-7.jpg]
[www.flowparagliders.com.au/wp-content/uploads/2021/07/yoti-motor-1.jpg]
[www.flowparagliders.com.au/wp-content/uploads/2021/07/yoti-motor-10.jpg]
[www.flowparagliders.com.au/wp-content/uploads/2021/07/yoti-motor-5.jpg]
[www.flowparagliders.com.au/wp-content/uploads/2021/07/yoti-motor-6.jpg]
[flowparagliders.com.au/wp-content/uploads/2021/06/yoti2-banner-3-scaled.jpg]
[www.flowparagliders.com.au/yoti2/indexf85d.html]
[www.flowparagliders.com.au/wp-json/oembed/1.0/embede1b5.json]
[www.flowparagliders.com.au/wp-json/oembed/1.0/embedb25d]
[www.flowparagliders.com.au/wp-json/wp/v2/pages/1102.json]
[www.flowparagliders.com.au/wp-content/uploads/2021/06/paragliders-yoti-lite-gallery-1.jpg]
[www.flowparagliders.com.au/wp-content/uploads/2021/06/paragliders-yoti-lite-gallery-2.jpg]
[www.flowparagliders.com.au/wp-content/uploads/2021/06/paragliders-yoti-lite-gallery-3.jpg]
[www.flowparagliders.com.au/wp-content/uploads/2021/06/paragliders-yoti-lite-gallery-4.jpg]
[www.flowparagliders.com.au/wp-content/uploads/2021/06/paragliders-yoti-lite-gallery-5.jpg]
[www.flowparagliders.com.au/wp-content/uploads/2021/06/paragliders-yoti-lite-gallery-6.jpg]
[www.flowparagliders.com.au/wp-content/uploads/2021/06/paragliders-yoti-lite-gallery-7.jpg]
[www.flowparagliders.com.au/wp-content/uploads/2021/06/paragliders-yoti-lite-gallery-8.jpg]
[www.flowparagliders.com.au/wp-content/uploads/2021/06/paragliders-yoti-lite-gallery-9.jpg]
[flowparagliders.com.au/wp-content/uploads/2021/06/YOTI_2_LOGO_WEB-300x103-1.png]
[flowparagliders.com.au/wp-content/uploads/2021/07/Yoti2-LIGHT-risers-1-scaled.jpg]
[flowparagliders.com.au/wp-content/uploads/2021/07/paraglider-yoti2-lite-color-options.jpg]
[www.flowparagliders.com.au/yoti2-lite/indexf85d.html]
[www.flowparagliders.com.au/wp-json/oembed/1.0/embed6393.json]
[www.flowparagliders.com.au/wp-json/oembed/1.0/embed1e76]
[www.flowparagliders.com.au/wp-json/wp/v2/pages/3103.json]
[www.flowparagliders.com.au/wp-content/uploads/2023/02/Future-power-gallery-3.jpg]
[www.flowparagliders.com.au/wp-content/uploads/2023/02/brandings-logo-1.gif]
[www.flowparagliders.com.au/wp-content/uploads/2023/02/Future-power-colour-options-2.jpg]
[www.flowparagliders.com.au/wp-content/uploads/2024/03/Future-POWER-Line-Plan.pdf]
[www.flowparagliders.com.au/wp-content/uploads/2024/03/FUTURE-POWER-Users-Manual-V01.02.pdf]
[www.flowparagliders.com.au/wp-content/uploads/2024/03/FUTURE-L-Factory-1.xlsm]
[www.flowparagliders.com.au/wp-content/uploads/2024/03/FUTURE-M-Factory-1.xlsm]
[www.flowparagliders.com.au/wp-content/uploads/2024/03/FUTURE-S-Factory-1.xlsm]
[www.flowparagliders.com.au/wp-content/uploads/2024/03/FUTURE-XS-Factory-1.xlsm]
[www.flowparagliders.com.au/wp-content/uploads/2024/03/FLOW-FUTURE-XS-S-M-L-individual-line-lengths-1.xlsx]
[www.flowparagliders.com.au/wp-content/uploads/2023/02/Future-power-banner-1.jpg]
[www.flowparagliders.com.au/future-power/indexf85d.html]
[www.flowparagliders.com.au/wp-json/oembed/1.0/embed077e.json]
[www.flowparagliders.com.au/wp-json/oembed/1.0/embed2fee]
[www.flowparagliders.com.au/wp-json/wp/v2/pages/3106.json]
[www.flowparagliders.com.au/wp-content/uploads/2023/02/Cosmos-Power-2-gallery-1.jpg]
[www.flowparagliders.com.au/wp-content/uploads/2023/02/DSC00449-scaled.jpg]
[www.flowparagliders.com.au/wp-content/uploads/2025/05/Risers-1.jpg]
[www.flowparagliders.com.au/wp-content/uploads/2023/02/cosmos-power-2-colour-options-2.jpg]
[www.flowparagliders.com.au/wp-content/uploads/2025/05/Cosmos-Power-2-LINE-PLAN.pdf]
[www.flowparagliders.com.au/wp-content/uploads/2025/05/Flow-Cosmos-Power-2-Users-Manual.pdf]
[www.flowparagliders.com.au/wp-content/uploads/2023/02/Cosmos-Power-2-banner-1.jpg]
[www.flowparagliders.com.au/cosmos-power-2/indexf85d.html]
[www.flowparagliders.com.au/wp-json/oembed/1.0/embed5367.json]
[www.flowparagliders.com.au/wp-json/oembed/1.0/embedf3f0]
[www.flowparagliders.com.au/wp-json/wp/v2/pages/3109.json]
[www.flowparagliders.com.au/wp-content/uploads/2023/02/RPM-2-gallery-1-1.jpg]
[www.flowparagliders.com.au/wp-content/uploads/2023/02/RPM-2-colour-options-4.jpg]
[www.flowparagliders.com.au/wp-content/uploads/2023/02/RPM-2-banner-1-1.jpg]
[www.flowparagliders.com.au/rpm2/indexf85d.html]
[www.flowparagliders.com.au/wp-json/oembed/1.0/embed418e.json]
[www.flowparagliders.com.au/wp-json/oembed/1.0/embedafd8]
[www.flowparagliders.com.au/wp-json/wp/v2/pages/1133.json]
[www.flowparagliders.com.au/wp-content/uploads/2021/06/paramotors-cosmo-power-gallery-1.jpg]
[www.flowparagliders.com.au/wp-content/uploads/2021/06/paramotors-cosmo-power-gallery-2.jpg]
[www.flowparagliders.com.au/wp-content/uploads/2021/06/paramotors-cosmo-power-gallery-3.jpg]
[www.flowparagliders.com.au/wp-content/uploads/2021/06/paramotors-cosmo-power-gallery-4.jpg]
[www.flowparagliders.com.au/wp-content/uploads/2021/06/paramotors-cosmo-power-gallery-5.jpg]
[www.flowparagliders.com.au/wp-content/uploads/2021/06/paramotors-cosmo-power-gallery-6.jpg]
[www.flowparagliders.com.au/wp-content/uploads/2021/06/paramotors-cosmo-power-gallery-7.jpg]
[www.flowparagliders.com.au/wp-content/uploads/2021/06/paramotors-cosmo-power-gallery-8.jpg]
[www.flowparagliders.com.au/wp-content/uploads/2021/06/paramotors-cosmo-power-gallery-9.jpg]
[www.flowparagliders.com.au/wp-content/uploads/2021/06/paramotors-cosmo-power-gallery-10.jpg]
[flowparagliders.com.au/wp-content/uploads/2021/06/cosmos-power-logo-small.png]
[flowparagliders.com.au/wp-content/uploads/2021/06/cells-alighted-to-air-flow.jpg]
[flowparagliders.com.au/wp-content/uploads/2021/07/paraglider-cosmo-power-color-options.jpg]
[flowparagliders.com.au/wp-content/uploads/2021/06/cosmos-power-banner-1.jpg]
[www.flowparagliders.com.au/cosmos-power/indexf85d.html]
[www.flowparagliders.com.au/wp-json/oembed/1.0/embed82ae.json]
[www.flowparagliders.com.au/wp-json/oembed/1.0/embed957d]
[www.flowparagliders.com.au/wp-json/wp/v2/pages/1120.json]
[www.flowparagliders.com.au/wp-content/uploads/2021/06/paramotors-rpm-gallery.jpg]
[flowparagliders.com.au/wp-content/uploads/2021/06/logoRPM-e1595656547934-140x61-1.png]
[flowparagliders.com.au/wp-content/uploads/2021/07/paraglider-rpm-color-options.jpg]
[flowparagliders.com.au/wp-content/uploads/2021/06/rpm-banner-2.jpg]
[www.flowparagliders.com.au/rpm/indexf85d.html]
[www.flowparagliders.com.au/wp-json/oembed/1.0/embed161c.json]
[www.flowparagliders.com.au/wp-json/oembed/1.0/embedf99c]
[www.flowparagliders.com.au/wp-json/wp/v2/pages/5518.json]
[www.flowparagliders.com.au/wp-content/uploads/2025/09/Video.mp4]
[www.flowparagliders.com.au/wp-content/uploads/2025/09/Vissta-XC-logo.png]
[www.flowparagliders.com.au/wp-content/uploads/2025/09/vissta-xc-overview.jpg]
[www.flowparagliders.com.au/wp-content/uploads/2025/09/webbing-structure-img.jpg]
[www.flowparagliders.com.au/wp-content/uploads/2025/09/components-position-img-1.jpg]
[www.flowparagliders.com.au/wp-content/uploads/2025/09/VISSTA-XC-Users-Manual-V01.5.pdf]
[www.flowparagliders.com.au/wp-content/uploads/2025/09/vissta-xc-banner-2.jpg]
[www.flowparagliders.com.au/vissta-xc/indexf85d.html]
[www.flowparagliders.com.au/wp-json/oembed/1.0/embedb15c.json]
[www.flowparagliders.com.au/wp-json/oembed/1.0/embed9f9b]
[www.flowparagliders.com.au/wp-json/wp/v2/pages/1148.json]
[flowparagliders.com.au/wp-content/uploads/2021/06/vissta-harness.jpg]
[flowparagliders.com.au/wp-content/uploads/2021/06/FLOW-VISSTA-horizontal-300x72-1.png]
[flowparagliders.com.au/wp-content/uploads/2021/06/vissta-colour01.jpg]
[flowparagliders.com.au/wp-content/uploads/2021/06/vissta-colour02.jpg]
[flowparagliders.com.au/wp-content/uploads/2021/06/vissta-colour03.jpg]
[www.flowparagliders.com.au/wp-content/uploads/2023/02/vissta-banner-1.jpg]
[www.flowparagliders.com.au/vissta/indexf85d.html]
[www.flowparagliders.com.au/wp-json/oembed/1.0/embedb255.json]
[www.flowparagliders.com.au/wp-json/oembed/1.0/embed257f]
[www.flowparagliders.com.au/wp-json/wp/v2/product/5711.json]
[www.flowparagliders.com.au/wp-content/uploads/2026/02/D-Wing-scaled.png]
[www.flowparagliders.com.au/wp-content/uploads/2026/02/D-Wing-scaled-1200x667.png]
[www.flowparagliders.com.au/wp-content/uploads/2026/02/d-wing-v2-gallery-2.jpg]
[www.flowparagliders.com.au/wp-content/uploads/2026/02/d-wing-v2-gallery-2-1200x675.jpg]
[www.flowparagliders.com.au/wp-content/uploads/2026/02/d-wing-v2-gallery-3.jpg]
[www.flowparagliders.com.au/wp-content/uploads/2026/02/d-wing-v2-gallery-3-1200x675.jpg]
[www.flowparagliders.com.au/wp-content/uploads/2026/02/d-wing-v2-gallery-4.jpg]
[www.flowparagliders.com.au/wp-content/uploads/2026/02/d-wing-v2-gallery-4-1200x675.jpg]
[www.flowparagliders.com.au/wp-content/uploads/2026/02/d-wing-v2-gallery-5.jpg]
[www.flowparagliders.com.au/wp-content/uploads/2026/02/d-wing-v2-gallery-5-1200x675.jpg]
[www.flowparagliders.com.au/wp-content/uploads/2026/02/d-wing-v2-gallery-6.jpg]
[www.flowparagliders.com.au/wp-content/uploads/2026/02/d-wing-v2-gallery-6-1200x675.jpg]
[www.flowparagliders.com.au/wp-content/uploads/2026/02/d-wing-v2-gallery-7.jpg]
[www.flowparagliders.com.au/wp-content/uploads/2026/02/d-wing-v2-gallery-7-1200x675.jpg]
[www.flowparagliders.com.au/wp-content/uploads/2026/02/d-wing-v2-gallery-8.jpg]
[www.flowparagliders.com.au/wp-content/uploads/2026/02/d-wing-v2-gallery-8-1200x675.jpg]
[www.flowparagliders.com.au/wp-content/uploads/2026/02/d-wing-v2-gallery-9.jpg]
[www.flowparagliders.com.au/wp-content/uploads/2026/02/d-wing-v2-gallery-9-1200x675.jpg]
[www.flowparagliders.com.au/wp-content/uploads/2026/02/d-wing-v2-gallery-10.jpg]
[www.flowparagliders.com.au/wp-content/uploads/2026/02/d-wing-v2-gallery-10-1200x675.jpg]
[www.flowparagliders.com.au/wp-content/uploads/2026/02/d-wing-v2-gallery-11.jpg]
[www.flowparagliders.com.au/wp-content/uploads/2026/02/d-wing-v2-gallery-11-1200x675.jpg]
[www.flowparagliders.com.au/wp-content/uploads/2026/02/d-wing-v2-gallery-12.jpg]
[www.flowparagliders.com.au/wp-content/uploads/2026/02/d-wing-v2-gallery-12-1200x675.jpg]
[www.flowparagliders.com.au/wp-content/uploads/2026/02/d-wing-v2-gallery-13.jpg]
[www.flowparagliders.com.au/wp-content/uploads/2026/02/d-wing-v2-gallery-13-1200x675.jpg]
[www.flowparagliders.com.au/wp-content/uploads/2026/02/Photo-01-fisrt-try-scaled.png]
[www.flowparagliders.com.au/wp-content/uploads/2026/02/Photo-01-1-scaled.png]
[www.flowparagliders.com.au/wp-content/uploads/2026/02/photo-14.png]
[www.flowparagliders.com.au/wp-content/uploads/2026/02/d-wing-v2-bar-img-1.jpg]
[www.flowparagliders.com.au/wp-content/uploads/2026/02/d-wing-v2-bar-img-2.jpg]
[www.flowparagliders.com.au/wp-content/uploads/2026/02/d-wing-v2-bar-img-3.jpg]
[www.flowparagliders.com.au/wp-content/uploads/2026/02/d-wing-v2-package-img.png]
[www.flowparagliders.com.au/wp-content/uploads/2026/02/Belt-3.png]
[www.flowparagliders.com.au/wp-content/uploads/2026/02/belt-interior.jpg]
[www.flowparagliders.com.au/wp-content/uploads/2026/02/d-wing-v2-img-bottom-1.jpg]
[www.flowparagliders.com.au/wp-content/uploads/2026/02/d-wing-v2-img-bottom-2.jpg]
[www.flowparagliders.com.au/wp-content/uploads/2026/02/d-wing-v2-img-bottom-3.jpg]
[www.flowparagliders.com.au/wp-includes/js/underscore.min3ab8.js]
[www.flowparagliders.com.au/wp-includes/js/wp-util.minb34e.js]
[www.flowparagliders.com.au/product/flow-d-wing-v2/indexf85d.html]
[www.flowparagliders.com.au/wp-content/plugins/woocommerce/assets/js/frontend/add-to-cart-variation.minaf94.js]
[www.flowparagliders.com.au/wp-json/oembed/1.0/embed283d.json]
[www.flowparagliders.com.au/wp-json/oembed/1.0/embed09ee]
[www.flowparagliders.com.au/wp-json/wp/v2/pages/3846.json]
[www.flowparagliders.com.au/wp-content/uploads/2026/03/FLOW-AURA2-Square-Manual-.pdf]
[www.flowparagliders.com.au/aura-2/indexf85d.html]
[www.flowparagliders.com.au/wp-json/oembed/1.0/embedb1f9.json]
[www.flowparagliders.com.au/wp-json/oembed/1.0/embed0ce9]
[www.flowparagliders.com.au/wp-json/wp/v2/pages/1168.json]
[www.flowparagliders.com.au/wp-content/uploads/2021/06/d-chute-2.jpg]
[www.flowparagliders.com.au/wp-content/uploads/2021/06/d-chute-2-400x284.jpg]
[www.flowparagliders.com.au/wp-content/uploads/2021/06/d-chute-1.jpg]
[www.flowparagliders.com.au/wp-content/uploads/2021/06/d-chute-1-400x284.jpg]
[flowparagliders.com.au/wp-content/uploads/2021/06/d-chute-300x102-1.png]
[www.flowparagliders.com.au/d-chute/indexf85d.html]
[www.flowparagliders.com.au/wp-json/oembed/1.0/embed48e1.json]
[www.flowparagliders.com.au/wp-json/oembed/1.0/embedb1f8]
[www.flowparagliders.com.au/wp-json/wp/v2/pages/1181.json]
[www.flowparagliders.com.au/wp-content/uploads/2024/02/Large-rucksack-front.jpg]
[www.flowparagliders.com.au/wp-content/uploads/2024/02/Large-rucksack-back.jpg]
[www.flowparagliders.com.au/rucksack/indexf85d.html]
[www.flowparagliders.com.au/wp-json/oembed/1.0/embedf74c.json]
[www.flowparagliders.com.au/wp-json/oembed/1.0/embed0c98]
[www.flowparagliders.com.au/wp-json/wp/v2/pages/3859.json]
[www.flowparagliders.com.au/wp-content/uploads/2024/02/Flow-quick-rucksack-back.jpg]
[www.flowparagliders.com.au/wp-content/uploads/2024/02/Flow-quick-rucksack-front.jpg]
[www.flowparagliders.com.au/quick-rucksack/indexf85d.html]
[www.flowparagliders.com.au/wp-json/oembed/1.0/embed44db.json]
[www.flowparagliders.com.au/wp-json/oembed/1.0/embed540a]
[www.flowparagliders.com.au/wp-json/wp/v2/pages/1164.json]
[www.flowparagliders.com.au/wp-content/uploads/2024/02/Flow-concertina-bag-open.jpg]
[www.flowparagliders.com.au/wp-content/uploads/2024/02/Flow-concertina-bag-closed.jpg]
[www.flowparagliders.com.au/concertina-bag/indexf85d.html]
[www.flowparagliders.com.au/wp-json/oembed/1.0/embedb715.json]
[www.flowparagliders.com.au/wp-json/oembed/1.0/embeddcdf]
[www.flowparagliders.com.au/wp-json/wp/v2/pages/3870.json]
[www.flowparagliders.com.au/wp-content/uploads/2024/02/Flow-compression-bag-1.jpg]
[www.flowparagliders.com.au/wp-content/uploads/2024/02/Flow-compression-bag-open.jpg]
[www.flowparagliders.com.au/compression-bag/indexf85d.html]
[www.flowparagliders.com.au/wp-json/oembed/1.0/embedb001.json]
[www.flowparagliders.com.au/wp-json/oembed/1.0/embed89f8]
[www.flowparagliders.com.au/wp-json/wp/v2/pages/3855.json]
[www.flowparagliders.com.au/wp-content/uploads/2024/02/Flow-day-bag-1.jpg]
[www.flowparagliders.com.au/wp-content/uploads/2024/02/Flow-day-bag-folded-1.jpg]
[www.flowparagliders.com.au/lightweight-day-bag/indexf85d.html]
[www.flowparagliders.com.au/wp-json/oembed/1.0/embed2a1c.json]
[www.flowparagliders.com.au/wp-json/oembed/1.0/embedc06a]
[www.flowparagliders.com.au/wp-json/wp/v2/pages/1172.json]
[flowparagliders.com.au/wp-content/uploads/2021/06/flow-tshirt.jpg]
[www.flowparagliders.com.au/flow-dry-fit-tshirt/indexf85d.html]
[www.flowparagliders.com.au/wp-json/oembed/1.0/embedafa3.json]
[www.flowparagliders.com.au/wp-json/oembed/1.0/embed28a2]
[www.flowparagliders.com.au/wp-json/wp/v2/pages/3863.json]
[www.flowparagliders.com.au/wp-content/uploads/2024/02/flow-cap-front.jpg]
[www.flowparagliders.com.au/wp-content/uploads/2024/02/flow-cap-2-2.jpg]
[www.flowparagliders.com.au/wp-content/uploads/2024/02/flow-cap.jpg]
[www.flowparagliders.com.au/flow-cap-3/indexf85d.html]
[www.flowparagliders.com.au/wp-json/oembed/1.0/embed8822.json]
[www.flowparagliders.com.au/wp-json/oembed/1.0/embedc2d5]
[www.flowparagliders.com.au/wp-json/wp/v2/pages/1176.json]
[flowparagliders.com.au/wp-content/uploads/2021/06/jaket2.jpg]
[flowparagliders.com.au/wp-content/uploads/2021/06/TECHNOLOGY.jpg]
[www.flowparagliders.com.au/flow-soft-shell-jacket/indexf85d.html]
[www.flowparagliders.com.au/wp-json/oembed/1.0/embedbd3c.json]
[www.flowparagliders.com.au/wp-json/oembed/1.0/embed05d7]
[www.flowparagliders.com.au/wp-json/wp/v2/pages/1187.json]
[flowparagliders.com.au/wp-content/uploads/2021/06/TANDEM-SPREADER-BARS-2-1024x911-1.jpg]
[www.flowparagliders.com.au/tandem-spreader-bars/indexf85d.html]
[www.flowparagliders.com.au/wp-json/oembed/1.0/embed9660.json]
[www.flowparagliders.com.au/wp-json/oembed/1.0/embedb9a5]
[www.flowparagliders.com.au/wp-json/wp/v2/pages/1160.json]
[www.flowparagliders.com.au/wp-content/uploads/2021/06/parachute-aura-power-gallery-1.jpg]
[www.flowparagliders.com.au/wp-content/uploads/2021/06/parachute-aura-power-gallery-2.jpg]
[www.flowparagliders.com.au/wp-content/uploads/2021/06/parachute-aura-power-gallery-3.jpg]
[www.flowparagliders.com.au/wp-content/uploads/2021/06/parachute-aura-power-gallery-4.jpg]
[flowparagliders.com.au/wp-content/uploads/2021/06/AURA-300x102-1.png]
[www.flowparagliders.com.au/aura/indexf85d.html]
[www.flowparagliders.com.au/wp-json/oembed/1.0/embed10eb.json]
[www.flowparagliders.com.au/wp-json/oembed/1.0/embedfae4]
[www.flowparagliders.com.au/flow-paragliders-dealers/indexf85d.html]
[www.flowparagliders.com.au/wp-json/wp/v2/pages/1195.json]
[www.flowparagliders.com.au/wp-json/oembed/1.0/embed5fbd.json]
[www.flowparagliders.com.au/wp-json/oembed/1.0/embede0e8]
[www.flowparagliders.com.au/flow-ppg-dealers/indexf85d.html]
[www.flowparagliders.com.au/wp-json/wp/v2/pages/1201.json]
[www.flowparagliders.com.au/wp-json/oembed/1.0/embede58d.json]
[www.flowparagliders.com.au/wp-json/oembed/1.0/embedbe46]
[www.flowparagliders.com.au/contact/indexf85d.html]
[www.flowparagliders.com.au/wp-content/plugins/woocommerce/assets/css/select2.minaf94.css]
[www.flowparagliders.com.au/wp-json/wp/v2/pages/1486.json]
[www.flowparagliders.com.au/wp-content/plugins/woocommerce/assets/css/photoswipe/default-skin/default-skin.png]
[www.flowparagliders.com.au/wp-content/plugins/woocommerce/assets/css/photoswipe/photoswipe.minaf94.css]
[www.flowparagliders.com.au/wp-content/plugins/woocommerce/assets/css/photoswipe/default-skin/default-skin.svg]
[www.flowparagliders.com.au/wp-content/plugins/woocommerce/assets/css/photoswipe/default-skin/preloader.gif]
[www.flowparagliders.com.au/wp-content/plugins/woocommerce/assets/css/photoswipe/default-skin/default-skin.minaf94.css]
[www.flowparagliders.com.au/indexf42e.html]
[www.flowparagliders.com.au/xmlrpc.php]
[www.flowparagliders.com.au/xmlrpc0db0.php]
[www.flowparagliders.com.au/indexd7c9.html]
[www.flowparagliders.com.au/index7e04.html]
[www.flowparagliders.com.au/index847c.html]
[www.flowparagliders.com.au/indexd293.html]
[www.flowparagliders.com.au/indexbb5b.html]
[www.flowparagliders.com.au/wp-content/uploads/2026/02/FLOW-Panorama-2-41-VF.xlsm]
[www.flowparagliders.com.au/flow-panorama-2-41-vf-2/index.html]
[www.flowparagliders.com.au/indexaec5.html]
[www.flowparagliders.com.au/index40fb.html]
[www.flowparagliders.com.au/index817f.html]
[www.flowparagliders.com.au/index9c22.html]
[www.flowparagliders.com.au/index63d9.html]
[www.flowparagliders.com.au/wp-content/uploads/2022/07/spectra-2-gallery-9.jpg]
[www.flowparagliders.com.au/wp-content/uploads/2022/07/spectra-2-gallery-10.jpg]
[www.flowparagliders.com.au/wp-content/themes/Divi/style-static-cpt.min899e.css]
[www.flowparagliders.com.au/index4ef4.html]
[www.flowparagliders.com.au/wp-content/et-cache/global/et-divi-customizer-global.minb82a.css]
[www.flowparagliders.com.au/index0e7c.html]
[www.flowparagliders.com.au/wp-content/uploads/2022/07/spectra-2-gallery-12.jpg]
[www.flowparagliders.com.au/wp-includes/js/mediaelement/mediaelementplayer-legacy.min1f61.css]
[www.flowparagliders.com.au/wp-includes/js/mediaelement/wp-mediaelement.minb34e.css]
[www.flowparagliders.com.au/indexa6b2.html]
[www.flowparagliders.com.au/indexed01.html]
[www.flowparagliders.com.au/index4f1b.html]
[www.flowparagliders.com.au/indexe1d7.html]
[www.flowparagliders.com.au/index652e.html]
[www.flowparagliders.com.au/index0566.html]
[www.flowparagliders.com.au/index6c4a.html]
[www.flowparagliders.com.au/index4b2e.html]
[www.flowparagliders.com.au/index942e.html]
[www.flowparagliders.com.au/indexc7c9.html]
[www.flowparagliders.com.au/indexc17f.html]
[www.flowparagliders.com.au/index29f5.html]
[www.flowparagliders.com.au/indexdb05.html]
[www.flowparagliders.com.au/index8e4c.html]
[www.flowparagliders.com.au/indexa6f6.html]
[www.flowparagliders.com.au/index820a.html]
[www.flowparagliders.com.au/index2b67.html]
[www.flowparagliders.com.au/wp-includes/js/mediaelement/mejs-controls.svg]
[www.flowparagliders.com.au/index6ca6.html]
[www.flowparagliders.com.au/index0049.html]
[www.flowparagliders.com.au/index3273.html]
[www.flowparagliders.com.au/indexcc5d.html]
[www.flowparagliders.com.au/indexcd03.html]
[www.flowparagliders.com.au/index5ec5.html]
[www.flowparagliders.com.au/indexa873.html]
[www.flowparagliders.com.au/indexe223.html]
[www.flowparagliders.com.au/index0a68.html]
[www.flowparagliders.com.au/index74ef.html]
[www.flowparagliders.com.au/indexcc64.html]
[www.flowparagliders.com.au/index3195.html]
[www.flowparagliders.com.au/index9aa6.html]
[www.flowparagliders.com.au/index9d49.html]
[www.flowparagliders.com.au/index3fa3.html]
[www.flowparagliders.com.au/flow-paragliders-estonia/index.html]
[www.flowparagliders.com.au/flow-paragliders-dealers-philippines/index.html]
[www.flowparagliders.com.au/flow-paragliders-dealers-dominican-republic/index.html]
[www.flowparagliders.com.au/flow-paragliders-dealers-chile/index.html]
[www.flowparagliders.com.au/flow-paragliders-estonia/indexf85d.html]
[www.flowparagliders.com.au/flow-paragliders-dealers-dominican-republic/indexf85d.html]
[www.flowparagliders.com.au/flow-paragliders-dealers-philippines/indexf85d.html]
[www.flowparagliders.com.au/flow-paragliders-dealers-chile/indexf85d.html]
[www.flowparagliders.com.au/index5df1.html]
[www.flowparagliders.com.au/flow-ppg-dealers-portugal/index.html]
[www.flowparagliders.com.au/flow-ppg-dealers-spain/index.html]
[www.flowparagliders.com.au/flow-ppg-dealers-israel/index.html]
[www.flowparagliders.com.au/index9e97.html]
[www.flowparagliders.com.au/wp-content/plugins/woocommerce/assets/css/photoswipe/default-skin/default-skin.svg]
[www.flowparagliders.com.au/wp-includes/js/mediaelement/mejs-controls.svg]
[www.flowparagliders.com.au/wp-json/oembed/1.0/embed6f95.json]
[www.flowparagliders.com.au/flow-ppg-dealers-spain/indexf85d.html]
[www.flowparagliders.com.au/flow-ppg-dealers-israel/indexf85d.html]
[www.flowparagliders.com.au/flow-ppg-dealers-portugal/indexf85d.html]
[www.flowparagliders.com.au/wp-json/oembed/1.0/embed7b5c]
[www.flowparagliders.com.au/flow-paragliders-estonia/indexf85d.html]
[www.flowparagliders.com.au/wp-json/wp/v2/pages/4123.json]
[www.flowparagliders.com.au/wp-json/oembed/1.0/embedcc53.json]
[www.flowparagliders.com.au/wp-json/oembed/1.0/embedf961]
[www.flowparagliders.com.au/flow-paragliders-dealers-philippines/indexf85d.html]
[www.flowparagliders.com.au/wp-json/wp/v2/pages/5654.json]
[www.flowparagliders.com.au/wp-json/oembed/1.0/embed6f6e.json]
[www.flowparagliders.com.au/wp-json/oembed/1.0/embed54e9]
[www.flowparagliders.com.au/flow-paragliders-dealers-dominican-republic/indexf85d.html]
[www.flowparagliders.com.au/wp-json/wp/v2/pages/4109.json]
[www.flowparagliders.com.au/wp-json/oembed/1.0/embed5739.json]
[www.flowparagliders.com.au/wp-json/oembed/1.0/embed613f]
[www.flowparagliders.com.au/flow-paragliders-dealers-chile/indexf85d.html]
[www.flowparagliders.com.au/wp-json/wp/v2/pages/1381.json]
[www.flowparagliders.com.au/wp-json/oembed/1.0/embed985b.json]
[www.flowparagliders.com.au/wp-json/oembed/1.0/embed4403]
[www.flowparagliders.com.au/flow-ppg-dealers-portugal/indexf85d.html]
[www.flowparagliders.com.au/wp-json/wp/v2/pages/3605.json]
[www.flowparagliders.com.au/wp-json/oembed/1.0/embedb4c7.json]
[www.flowparagliders.com.au/wp-json/oembed/1.0/embedc5f4]
[www.flowparagliders.com.au/flow-ppg-dealers-spain/indexf85d.html]
[www.flowparagliders.com.au/wp-json/wp/v2/pages/3825.json]
[www.flowparagliders.com.au/wp-json/oembed/1.0/embed5874.json]
[www.flowparagliders.com.au/wp-json/oembed/1.0/embed8a1d]
[www.flowparagliders.com.au/flow-ppg-dealers-israel/indexf85d.html]
[www.flowparagliders.com.au/indexb663.html]
[www.flowparagliders.com.au/indexee23.html]
[www.flowparagliders.com.au/indexa3af.html]
[www.flowparagliders.com.au/index3e5f.html]
[www.flowparagliders.com.au/indexaac4.html]
[www.flowparagliders.com.au/index956b.html]
[www.flowparagliders.com.au/wp-json/wp/v2/pages/4115.json]
[www.flowparagliders.com.au/index245a.html]
